c:\programming\substrata\substrata_build_sdl_custom\gui_client\jolt.dir\relwithdebinfo\cmake_pch.pch
c:\programming\substrata_output\vs2022\cyberspace_x64_sdl_custom\relwithdebinfo\jolt.pdb
c:\programming\substrata\substrata_build_sdl_custom\gui_client\jolt.dir\relwithdebinfo\cmake_pch.obj
c:\programming\substrata\substrata_build_sdl_custom\gui_client\jolt.dir\relwithdebinfo\semaphore.obj
c:\programming\substrata\substrata_build_sdl_custom\gui_client\jolt.dir\relwithdebinfo\broadphase.obj
c:\programming\substrata\substrata_build_sdl_custom\gui_client\jolt.dir\relwithdebinfo\broadphasequadtree.obj
c:\programming\substrata\substrata_build_sdl_custom\gui_client\jolt.dir\relwithdebinfo\physicsmaterial.obj
c:\programming\substrata\substrata_build_sdl_custom\gui_client\jolt.dir\relwithdebinfo\convexhullshape.obj
c:\programming\substrata\substrata_build_sdl_custom\gui_client\jolt.dir\relwithdebinfo\distanceconstraint.obj
c:\programming\substrata\substrata_build_sdl_custom\gui_client\jolt.dir\relwithdebinfo\sixdofconstraint.obj
c:\programming\substrata\substrata_build_sdl_custom\gui_client\jolt.dir\relwithdebinfo\motorcyclecontroller.obj
c:\programming\substrata\substrata_build_sdl_custom\gui_client\jolt.dir\relwithdebinfo\debugrendererrecorder.obj
c:\programming\substrata\substrata_build_sdl_custom\gui_client\jolt.dir\relwithdebinfo\skeleton.obj
c:\programming\substrata\substrata_build_sdl_custom\gui_client\jolt.dir\relwithdebinfo\trianglesplitterbinning.obj
c:\programming\substrata\substrata_build_sdl_custom\gui_client\jolt.dir\relwithdebinfo\memory.obj
c:\programming\substrata\substrata_build_sdl_custom\gui_client\jolt.dir\relwithdebinfo\convexhullbuilder.obj
c:\programming\substrata\substrata_build_sdl_custom\gui_client\jolt.dir\relwithdebinfo\castspherevstriangles.obj
c:\programming\substrata\substrata_build_sdl_custom\gui_client\jolt.dir\relwithdebinfo\manifoldbetweentwofaces.obj
c:\programming\substrata\substrata_build_sdl_custom\gui_client\jolt.dir\relwithdebinfo\decoratedshape.obj
c:\programming\substrata\substrata_build_sdl_custom\gui_client\jolt.dir\relwithdebinfo\planeshape.obj
c:\programming\substrata\substrata_build_sdl_custom\gui_client\jolt.dir\relwithdebinfo\transformedshape.obj
c:\programming\substrata\substrata_build_sdl_custom\gui_client\jolt.dir\relwithdebinfo\constraint.obj
c:\programming\substrata\substrata_build_sdl_custom\gui_client\jolt.dir\relwithdebinfo\gearconstraint.obj
c:\programming\substrata\substrata_build_sdl_custom\gui_client\jolt.dir\relwithdebinfo\pointconstraint.obj
c:\programming\substrata\substrata_build_sdl_custom\gui_client\jolt.dir\relwithdebinfo\islandbuilder.obj
c:\programming\substrata\substrata_build_sdl_custom\gui_client\jolt.dir\relwithdebinfo\softbodymotionproperties.obj
c:\programming\substrata\substrata_build_sdl_custom\gui_client\jolt.dir\relwithdebinfo\registertypes.obj
c:\programming\substrata\substrata_build_sdl_custom\gui_client\jolt.dir\relwithdebinfo\rtti.obj
c:\programming\substrata\substrata_build_sdl_custom\gui_client\jolt.dir\relwithdebinfo\convexhullbuilder2d.obj
c:\programming\substrata\substrata_build_sdl_custom\gui_client\jolt.dir\relwithdebinfo\serializableobject.obj
c:\programming\substrata\substrata_build_sdl_custom\gui_client\jolt.dir\relwithdebinfo\bodycreationsettings.obj
c:\programming\substrata\substrata_build_sdl_custom\gui_client\jolt.dir\relwithdebinfo\collidespherevstriangles.obj
c:\programming\substrata\substrata_build_sdl_custom\gui_client\jolt.dir\relwithdebinfo\capsuleshape.obj
c:\programming\substrata\substrata_build_sdl_custom\gui_client\jolt.dir\relwithdebinfo\mutablecompoundshape.obj
c:\programming\substrata\substrata_build_sdl_custom\gui_client\jolt.dir\relwithdebinfo\sliderconstraint.obj
c:\programming\substrata\substrata_build_sdl_custom\gui_client\jolt.dir\relwithdebinfo\softbodycreationsettings.obj
c:\programming\substrata\substrata_build_sdl_custom\gui_client\jolt.dir\relwithdebinfo\vehicleconstraint.obj
c:\programming\substrata\substrata_build_sdl_custom\gui_client\jolt.dir\relwithdebinfo\skeletonpose.obj
c:\programming\substrata\substrata_build_sdl_custom\gui_client\jolt.dir\relwithdebinfo\linearcurve.obj
c:\programming\substrata\substrata_build_sdl_custom\gui_client\jolt.dir\relwithdebinfo\orientedbox.obj
c:\programming\substrata\substrata_build_sdl_custom\gui_client\jolt.dir\relwithdebinfo\character.obj
c:\programming\substrata\substrata_build_sdl_custom\gui_client\jolt.dir\relwithdebinfo\narrowphasequery.obj
c:\programming\substrata\substrata_build_sdl_custom\gui_client\jolt.dir\relwithdebinfo\scaledshape.obj
c:\programming\substrata\substrata_build_sdl_custom\gui_client\jolt.dir\relwithdebinfo\taperedcylindershape.obj
c:\programming\substrata\substrata_build_sdl_custom\gui_client\jolt.dir\relwithdebinfo\contactconstraintmanager.obj
c:\programming\substrata\substrata_build_sdl_custom\gui_client\jolt.dir\relwithdebinfo\jobsystemsinglethreaded.obj
c:\programming\substrata\substrata_build_sdl_custom\gui_client\jolt.dir\relwithdebinfo\bodymanager.obj
c:\programming\substrata\substrata_build_sdl_custom\gui_client\jolt.dir\relwithdebinfo\estimatecollisionresponse.obj
c:\programming\substrata\substrata_build_sdl_custom\gui_client\jolt.dir\relwithdebinfo\cylindershape.obj
c:\programming\substrata\substrata_build_sdl_custom\gui_client\jolt.dir\relwithdebinfo\meshshape.obj
c:\programming\substrata\substrata_build_sdl_custom\gui_client\jolt.dir\relwithdebinfo\jobsystemthreadpool.obj
c:\programming\substrata\substrata_build_sdl_custom\gui_client\jolt.dir\relwithdebinfo\collideconvexvstriangles.obj
c:\programming\substrata\substrata_build_sdl_custom\gui_client\jolt.dir\relwithdebinfo\rotatedtranslatedshape.obj
c:\programming\substrata\substrata_build_sdl_custom\gui_client\jolt.dir\relwithdebinfo\coneconstraint.obj
c:\programming\substrata\substrata_build_sdl_custom\gui_client\jolt.dir\relwithdebinfo\pathconstraint.obj
c:\programming\substrata\substrata_build_sdl_custom\gui_client\jolt.dir\relwithdebinfo\physicsupdatecontext.obj
c:\programming\substrata\substrata_build_sdl_custom\gui_client\jolt.dir\relwithdebinfo\softbodyshape.obj
c:\programming\substrata\substrata_build_sdl_custom\gui_client\jolt.dir\relwithdebinfo\vehiclecontroller.obj
c:\programming\substrata\substrata_build_sdl_custom\gui_client\jolt.dir\relwithdebinfo\vehicledifferential.obj
c:\programming\substrata\substrata_build_sdl_custom\gui_client\jolt.dir\relwithdebinfo\vehicleengine.obj
c:\programming\substrata\substrata_build_sdl_custom\gui_client\jolt.dir\relwithdebinfo\vehicletrack.obj
c:\programming\substrata\substrata_build_sdl_custom\gui_client\jolt.dir\relwithdebinfo\vehicletransmission.obj
c:\programming\substrata\substrata_build_sdl_custom\gui_client\jolt.dir\relwithdebinfo\debugrenderersimple.obj
c:\programming\substrata\substrata_build_sdl_custom\gui_client\jolt.dir\relwithdebinfo\skeletonmapper.obj
c:\programming\substrata\substrata_build_sdl_custom\gui_client\jolt.dir\relwithdebinfo\jobsystemwithbarrier.obj
c:\programming\substrata\substrata_build_sdl_custom\gui_client\jolt.dir\relwithdebinfo\characterbase.obj
c:\programming\substrata\substrata_build_sdl_custom\gui_client\jolt.dir\relwithdebinfo\quadtree.obj
c:\programming\substrata\substrata_build_sdl_custom\gui_client\jolt.dir\relwithdebinfo\staticcompoundshape.obj
c:\programming\substrata\substrata_build_sdl_custom\gui_client\jolt.dir\relwithdebinfo\physicssystem.obj
c:\programming\substrata\substrata_build_sdl_custom\gui_client\jolt.dir\relwithdebinfo\aabbtreebuilder.obj
c:\programming\substrata\substrata_build_sdl_custom\gui_client\jolt.dir\relwithdebinfo\indexify.obj
c:\programming\substrata\substrata_build_sdl_custom\gui_client\jolt.dir\relwithdebinfo\motionproperties.obj
c:\programming\substrata\substrata_build_sdl_custom\gui_client\jolt.dir\relwithdebinfo\broadphasebruteforce.obj
c:\programming\substrata\substrata_build_sdl_custom\gui_client\jolt.dir\relwithdebinfo\groupfilter.obj
c:\programming\substrata\substrata_build_sdl_custom\gui_client\jolt.dir\relwithdebinfo\physicsmaterialsimple.obj
c:\programming\substrata\substrata_build_sdl_custom\gui_client\jolt.dir\relwithdebinfo\convexshape.obj
c:\programming\substrata\substrata_build_sdl_custom\gui_client\jolt.dir\relwithdebinfo\motorsettings.obj
c:\programming\substrata\substrata_build_sdl_custom\gui_client\jolt.dir\relwithdebinfo\pathconstraintpathhermite.obj
c:\programming\substrata\substrata_build_sdl_custom\gui_client\jolt.dir\relwithdebinfo\springsettings.obj
c:\programming\substrata\substrata_build_sdl_custom\gui_client\jolt.dir\relwithdebinfo\twobodyconstraint.obj
c:\programming\substrata\substrata_build_sdl_custom\gui_client\jolt.dir\relwithdebinfo\ragdoll.obj
c:\programming\substrata\substrata_build_sdl_custom\gui_client\jolt.dir\relwithdebinfo\trianglesplittermean.obj
c:\programming\substrata\substrata_build_sdl_custom\gui_client\jolt.dir\relwithdebinfo\factory.obj
c:\programming\substrata\substrata_build_sdl_custom\gui_client\jolt.dir\relwithdebinfo\bodyinterface.obj
c:\programming\substrata\substrata_build_sdl_custom\gui_client\jolt.dir\relwithdebinfo\collisiongroup.obj
c:\programming\substrata\substrata_build_sdl_custom\gui_client\jolt.dir\relwithdebinfo\groupfiltertable.obj
c:\programming\substrata\substrata_build_sdl_custom\gui_client\jolt.dir\relwithdebinfo\boxshape.obj
c:\programming\substrata\substrata_build_sdl_custom\gui_client\jolt.dir\relwithdebinfo\emptyshape.obj
c:\programming\substrata\substrata_build_sdl_custom\gui_client\jolt.dir\relwithdebinfo\offsetcenterofmassshape.obj
c:\programming\substrata\substrata_build_sdl_custom\gui_client\jolt.dir\relwithdebinfo\taperedcapsuleshape.obj
c:\programming\substrata\substrata_build_sdl_custom\gui_client\jolt.dir\relwithdebinfo\constraintmanager.obj
c:\programming\substrata\substrata_build_sdl_custom\gui_client\jolt.dir\relwithdebinfo\pathconstraintpath.obj
c:\programming\substrata\substrata_build_sdl_custom\gui_client\jolt.dir\relwithdebinfo\pulleyconstraint.obj
c:\programming\substrata\substrata_build_sdl_custom\gui_client\jolt.dir\relwithdebinfo\determinismlog.obj
c:\programming\substrata\substrata_build_sdl_custom\gui_client\jolt.dir\relwithdebinfo\physicsscene.obj
c:\programming\substrata\substrata_build_sdl_custom\gui_client\jolt.dir\relwithdebinfo\wheeledvehiclecontroller.obj
c:\programming\substrata\substrata_build_sdl_custom\gui_client\jolt.dir\relwithdebinfo\profiler.obj
c:\programming\substrata\substrata_build_sdl_custom\gui_client\jolt.dir\relwithdebinfo\vec3.obj
c:\programming\substrata\substrata_build_sdl_custom\gui_client\jolt.dir\relwithdebinfo\massproperties.obj
c:\programming\substrata\substrata_build_sdl_custom\gui_client\jolt.dir\relwithdebinfo\castconvexvstriangles.obj
c:\programming\substrata\substrata_build_sdl_custom\gui_client\jolt.dir\relwithdebinfo\heightfieldshape.obj
c:\programming\substrata\substrata_build_sdl_custom\gui_client\jolt.dir\relwithdebinfo\vehicleantirollbar.obj
c:\programming\substrata\substrata_build_sdl_custom\gui_client\jolt.dir\relwithdebinfo\vehiclecollisiontester.obj
c:\programming\substrata\substrata_build_sdl_custom\gui_client\jolt.dir\relwithdebinfo\debugrenderer.obj
c:\programming\substrata\substrata_build_sdl_custom\gui_client\jolt.dir\relwithdebinfo\debugrendererplayback.obj
c:\programming\substrata\substrata_build_sdl_custom\gui_client\jolt.dir\relwithdebinfo\skeletalanimation.obj
c:\programming\substrata\substrata_build_sdl_custom\gui_client\jolt.dir\relwithdebinfo\issuereporting.obj
c:\programming\substrata\substrata_build_sdl_custom\gui_client\jolt.dir\relwithdebinfo\tickcounter.obj
c:\programming\substrata\substrata_build_sdl_custom\gui_client\jolt.dir\relwithdebinfo\charactervirtual.obj
c:\programming\substrata\substrata_build_sdl_custom\gui_client\jolt.dir\relwithdebinfo\shape.obj
c:\programming\substrata\substrata_build_sdl_custom\gui_client\jolt.dir\relwithdebinfo\hingeconstraint.obj
c:\programming\substrata\substrata_build_sdl_custom\gui_client\jolt.dir\relwithdebinfo\swingtwistconstraint.obj
c:\programming\substrata\substrata_build_sdl_custom\gui_client\jolt.dir\relwithdebinfo\softbodysharedsettings.obj
c:\programming\substrata\substrata_build_sdl_custom\gui_client\jolt.dir\relwithdebinfo\color.obj
c:\programming\substrata\substrata_build_sdl_custom\gui_client\jolt.dir\relwithdebinfo\stringtools.obj
c:\programming\substrata\substrata_build_sdl_custom\gui_client\jolt.dir\relwithdebinfo\body.obj
c:\programming\substrata\substrata_build_sdl_custom\gui_client\jolt.dir\relwithdebinfo\collisiondispatch.obj
c:\programming\substrata\substrata_build_sdl_custom\gui_client\jolt.dir\relwithdebinfo\narrowphasestats.obj
c:\programming\substrata\substrata_build_sdl_custom\gui_client\jolt.dir\relwithdebinfo\compoundshape.obj
c:\programming\substrata\substrata_build_sdl_custom\gui_client\jolt.dir\relwithdebinfo\sphereshape.obj
c:\programming\substrata\substrata_build_sdl_custom\gui_client\jolt.dir\relwithdebinfo\triangleshape.obj
c:\programming\substrata\substrata_build_sdl_custom\gui_client\jolt.dir\relwithdebinfo\fixedconstraint.obj
c:\programming\substrata\substrata_build_sdl_custom\gui_client\jolt.dir\relwithdebinfo\rackandpinionconstraint.obj
c:\programming\substrata\substrata_build_sdl_custom\gui_client\jolt.dir\relwithdebinfo\largeislandsplitter.obj
c:\programming\substrata\substrata_build_sdl_custom\gui_client\jolt.dir\relwithdebinfo\staterecorderimpl.obj
c:\programming\substrata\substrata_build_sdl_custom\gui_client\jolt.dir\relwithdebinfo\trackedvehiclecontroller.obj
c:\programming\substrata\substrata_build_sdl_custom\gui_client\jolt.dir\relwithdebinfo\wheel.obj
c:\programming\substrata\substrata_build_sdl_custom\gui_client\jolt.dir\relwithdebinfo\trianglesplitter.obj
c:\programming\substrata\substrata_build_sdl_custom\gui_client\cmakefiles\generate.stamp
c:\programming\substrata_output\vs2022\cyberspace_x64_sdl_custom\relwithdebinfo\jolt.lib
c:\programming\substrata\substrata_build_sdl_custom\gui_client\jolt.dir\relwithdebinfo\jolt.tlog\cl.command.1.tlog
c:\programming\substrata\substrata_build_sdl_custom\gui_client\jolt.dir\relwithdebinfo\jolt.tlog\cl.items.tlog
c:\programming\substrata\substrata_build_sdl_custom\gui_client\jolt.dir\relwithdebinfo\jolt.tlog\cl.read.1.tlog
c:\programming\substrata\substrata_build_sdl_custom\gui_client\jolt.dir\relwithdebinfo\jolt.tlog\cl.write.1.tlog
c:\programming\substrata\substrata_build_sdl_custom\gui_client\jolt.dir\relwithdebinfo\jolt.tlog\custombuild.command.1.tlog
c:\programming\substrata\substrata_build_sdl_custom\gui_client\jolt.dir\relwithdebinfo\jolt.tlog\custombuild.read.1.tlog
c:\programming\substrata\substrata_build_sdl_custom\gui_client\jolt.dir\relwithdebinfo\jolt.tlog\custombuild.write.1.tlog
c:\programming\substrata\substrata_build_sdl_custom\gui_client\jolt.dir\relwithdebinfo\jolt.tlog\lib-link.read.1.tlog
c:\programming\substrata\substrata_build_sdl_custom\gui_client\jolt.dir\relwithdebinfo\jolt.tlog\lib-link.write.1.tlog
c:\programming\substrata\substrata_build_sdl_custom\gui_client\jolt.dir\relwithdebinfo\jolt.tlog\lib.command.1.tlog
