c:\programming\substrata\substrata_build_sdl_custom\libs\libs.dir\relwithdebinfo\pngrio.obj
c:\programming\substrata\substrata_build_sdl_custom\libs\libs.dir\relwithdebinfo\filter_neon_intrinsics.obj
c:\programming\substrata\substrata_build_sdl_custom\libs\libs.dir\relwithdebinfo\trees.obj
c:\programming\substrata\substrata_build_sdl_custom\libs\libs.dir\relwithdebinfo\zstd_compress_literals.obj
c:\programming\substrata\substrata_build_sdl_custom\libs\libs.dir\relwithdebinfo\zstdmt_compress.obj
c:\programming\substrata\substrata_build_sdl_custom\libs\libs.dir\relwithdebinfo\pngget.obj
c:\programming\substrata\substrata_build_sdl_custom\libs\libs.dir\relwithdebinfo\pngwtran.obj
c:\programming\substrata\substrata_build_sdl_custom\libs\libs.dir\relwithdebinfo\gif_err.obj
c:\programming\substrata\substrata_build_sdl_custom\libs\libs.dir\relwithdebinfo\error_private.obj
c:\programming\substrata\substrata_build_sdl_custom\libs\libs.dir\relwithdebinfo\zstd_compress_sequences.obj
c:\programming\substrata\substrata_build_sdl_custom\libs\libs.dir\relwithdebinfo\zstd_decompress_block.obj
c:\programming\substrata\substrata_build_sdl_custom\libs\libs.dir\relwithdebinfo\png.obj
c:\programming\substrata\substrata_build_sdl_custom\libs\libs.dir\relwithdebinfo\palette_neon_intrinsics.obj
c:\programming\substrata\substrata_build_sdl_custom\libs\libs.dir\relwithdebinfo\openbsd-reallocarray.obj
c:\programming\substrata\substrata_build_sdl_custom\libs\libs.dir\relwithdebinfo\threading.obj
c:\programming\substrata\substrata_build_sdl_custom\libs\libs.dir\relwithdebinfo\hist.obj
c:\programming\substrata\substrata_build_sdl_custom\libs\libs.dir\relwithdebinfo\zstd_opt.obj
c:\programming\substrata\substrata_build_sdl_custom\libs\libs.dir\relwithdebinfo\pngpread.obj
c:\programming\substrata\substrata_build_sdl_custom\libs\libs.dir\relwithdebinfo\filter_sse2_intrinsics.obj
c:\programming\substrata\substrata_build_sdl_custom\libs\libs.dir\relwithdebinfo\dgif_lib.obj
c:\programming\substrata\substrata_build_sdl_custom\libs\libs.dir\relwithdebinfo\fse_compress.obj
c:\programming\substrata\substrata_build_sdl_custom\libs\libs.dir\relwithdebinfo\zstd_ldm.obj
c:\programming\substrata\substrata_build_sdl_custom\libs\libs.dir\relwithdebinfo\zstd_decompress.obj
c:\programming\substrata\substrata_build_sdl_custom\libs\libs.dir\relwithdebinfo\pngtrans.obj
c:\programming\substrata\substrata_build_sdl_custom\libs\libs.dir\relwithdebinfo\compress.obj
c:\programming\substrata\substrata_build_sdl_custom\libs\libs.dir\relwithdebinfo\crc32.obj
c:\programming\substrata\substrata_build_sdl_custom\libs\libs.dir\relwithdebinfo\inftrees.obj
c:\programming\substrata\substrata_build_sdl_custom\libs\libs.dir\relwithdebinfo\xxhash.obj
c:\programming\substrata\substrata_build_sdl_custom\libs\libs.dir\relwithdebinfo\zstd_fast.obj
c:\programming\substrata\substrata_build_sdl_custom\libs\libs.dir\relwithdebinfo\pngerror.obj
c:\programming\substrata\substrata_build_sdl_custom\libs\libs.dir\relwithdebinfo\pngwutil.obj
c:\programming\substrata\substrata_build_sdl_custom\libs\libs.dir\relwithdebinfo\gifalloc.obj
c:\programming\substrata\substrata_build_sdl_custom\libs\libs.dir\relwithdebinfo\zstd_common.obj
c:\programming\substrata\substrata_build_sdl_custom\libs\libs.dir\relwithdebinfo\zstd_lazy.obj
c:\programming\substrata\substrata_build_sdl_custom\libs\libs.dir\relwithdebinfo\pngrutil.obj
c:\programming\substrata\substrata_build_sdl_custom\libs\libs.dir\relwithdebinfo\adler32.obj
c:\programming\substrata\substrata_build_sdl_custom\libs\libs.dir\relwithdebinfo\zutil.obj
c:\programming\substrata\substrata_build_sdl_custom\libs\libs.dir\relwithdebinfo\debug.obj
c:\programming\substrata\substrata_build_sdl_custom\libs\libs.dir\relwithdebinfo\fse_decompress.obj
c:\programming\substrata\substrata_build_sdl_custom\libs\libs.dir\relwithdebinfo\pngset.obj
c:\programming\substrata\substrata_build_sdl_custom\libs\libs.dir\relwithdebinfo\arm_init.obj
c:\programming\substrata\substrata_build_sdl_custom\libs\libs.dir\relwithdebinfo\inffast.obj
c:\programming\substrata\substrata_build_sdl_custom\libs\libs.dir\relwithdebinfo\egif_lib.obj
c:\programming\substrata\substrata_build_sdl_custom\libs\libs.dir\relwithdebinfo\zstd_compress.obj
c:\programming\substrata\substrata_build_sdl_custom\libs\libs.dir\relwithdebinfo\pngwio.obj
c:\programming\substrata\substrata_build_sdl_custom\libs\libs.dir\relwithdebinfo\pngwrite.obj
c:\programming\substrata\substrata_build_sdl_custom\libs\libs.dir\relwithdebinfo\entropy_common.obj
c:\programming\substrata\substrata_build_sdl_custom\libs\libs.dir\relwithdebinfo\zstd_compress_superblock.obj
c:\programming\substrata\substrata_build_sdl_custom\libs\libs.dir\relwithdebinfo\zstd_ddict.obj
c:\programming\substrata\substrata_build_sdl_custom\libs\libs.dir\relwithdebinfo\pngmem.obj
c:\programming\substrata\substrata_build_sdl_custom\libs\libs.dir\relwithdebinfo\intel_init.obj
c:\programming\substrata\substrata_build_sdl_custom\libs\libs.dir\relwithdebinfo\uncompr.obj
c:\programming\substrata\substrata_build_sdl_custom\libs\libs.dir\relwithdebinfo\gif_hash.obj
c:\programming\substrata\substrata_build_sdl_custom\libs\libs.dir\relwithdebinfo\pool.obj
c:\programming\substrata\substrata_build_sdl_custom\libs\libs.dir\relwithdebinfo\zstd_double_fast.obj
c:\programming\substrata\substrata_build_sdl_custom\libs\libs.dir\relwithdebinfo\pngread.obj
c:\programming\substrata\substrata_build_sdl_custom\libs\libs.dir\relwithdebinfo\inflate.obj
c:\programming\substrata\substrata_build_sdl_custom\libs\libs.dir\relwithdebinfo\huf_decompress.obj
c:\programming\substrata\substrata_build_sdl_custom\libs\libs.dir\relwithdebinfo\pngrtran.obj
c:\programming\substrata\substrata_build_sdl_custom\libs\libs.dir\relwithdebinfo\deflate.obj
c:\programming\substrata\substrata_build_sdl_custom\libs\libs.dir\relwithdebinfo\huf_compress.obj
c:\programming\substrata\substrata_build_sdl_custom\libs\libs.dir\relwithdebinfo\ilmthreadsemaphorewin32.obj
c:\programming\substrata\substrata_build_sdl_custom\libs\libs.dir\relwithdebinfo\imfcompositedeepscanline.obj
c:\programming\substrata\substrata_build_sdl_custom\libs\libs.dir\relwithdebinfo\imffloatattribute.obj
c:\programming\substrata\substrata_build_sdl_custom\libs\libs.dir\relwithdebinfo\imfidmanifestattribute.obj
c:\programming\substrata\substrata_build_sdl_custom\libs\libs.dir\relwithdebinfo\imfmatrixattribute.obj
c:\programming\substrata\substrata_build_sdl_custom\libs\libs.dir\relwithdebinfo\imfpxr24compressor.obj
c:\programming\substrata\substrata_build_sdl_custom\libs\libs.dir\relwithdebinfo\imftiledinputfile.obj
c:\programming\substrata\substrata_build_sdl_custom\libs\libs.dir\relwithdebinfo\iexmathfloatexc.obj
c:\programming\substrata\substrata_build_sdl_custom\libs\libs.dir\relwithdebinfo\imfchannellist.obj
c:\programming\substrata\substrata_build_sdl_custom\libs\libs.dir\relwithdebinfo\imfdeepscanlineinputpart.obj
c:\programming\substrata\substrata_build_sdl_custom\libs\libs.dir\relwithdebinfo\imfenvmapattribute.obj
c:\programming\substrata\substrata_build_sdl_custom\libs\libs.dir\relwithdebinfo\imfgenericinputfile.obj
c:\programming\substrata\substrata_build_sdl_custom\libs\libs.dir\relwithdebinfo\imfkeycodeattribute.obj
c:\programming\substrata\substrata_build_sdl_custom\libs\libs.dir\relwithdebinfo\imfoutputfile.obj
c:\programming\substrata\substrata_build_sdl_custom\libs\libs.dir\relwithdebinfo\imfstandardattributes.obj
c:\programming\substrata\substrata_build_sdl_custom\libs\libs.dir\relwithdebinfo\imftimecodeattribute.obj
c:\programming\substrata\substrata_build_sdl_custom\libs\libs.dir\relwithdebinfo\imathcoloralgo.obj
c:\programming\substrata\substrata_build_sdl_custom\libs\libs.dir\relwithdebinfo\imfboxattribute.obj
c:\programming\substrata\substrata_build_sdl_custom\libs\libs.dir\relwithdebinfo\imfdeepimagestateattribute.obj
c:\programming\substrata\substrata_build_sdl_custom\libs\libs.dir\relwithdebinfo\imfdwacompressor.obj
c:\programming\substrata\substrata_build_sdl_custom\libs\libs.dir\relwithdebinfo\imftiledinputpart.obj
c:\programming\substrata\substrata_build_sdl_custom\libs\libs.dir\relwithdebinfo\imfversion.obj
c:\programming\substrata\substrata_build_sdl_custom\libs\libs.dir\relwithdebinfo\imfwav.obj
c:\programming\substrata\substrata_build_sdl_custom\libs\libs.dir\relwithdebinfo\imfzipcompressor.obj
c:\programming\substrata\substrata_build_sdl_custom\libs\libs.dir\relwithdebinfo\imathrandom.obj
c:\programming\substrata\substrata_build_sdl_custom\libs\libs.dir\relwithdebinfo\imfattribute.obj
c:\programming\substrata\substrata_build_sdl_custom\libs\libs.dir\relwithdebinfo\imfchromaticitiesattribute.obj
c:\programming\substrata\substrata_build_sdl_custom\libs\libs.dir\relwithdebinfo\imfdeepscanlineoutputpart.obj
c:\programming\substrata\substrata_build_sdl_custom\libs\libs.dir\relwithdebinfo\imffasthuf.obj
c:\programming\substrata\substrata_build_sdl_custom\libs\libs.dir\relwithdebinfo\imfinputpartdata.obj
c:\programming\substrata\substrata_build_sdl_custom\libs\libs.dir\relwithdebinfo\imfmisc.obj
c:\programming\substrata\substrata_build_sdl_custom\libs\libs.dir\relwithdebinfo\imfpreviewimage.obj
c:\programming\substrata\substrata_build_sdl_custom\libs\libs.dir\relwithdebinfo\imfstringvectorattribute.obj
c:\programming\substrata\substrata_build_sdl_custom\libs\libs.dir\relwithdebinfo\imftiledrgbafile.obj
c:\programming\substrata\substrata_build_sdl_custom\libs\libs.dir\relwithdebinfo\half.obj
c:\programming\substrata\substrata_build_sdl_custom\libs\libs.dir\relwithdebinfo\imfchromaticities.obj
c:\programming\substrata\substrata_build_sdl_custom\libs\libs.dir\relwithdebinfo\imfdeepscanlineoutputfile.obj
c:\programming\substrata\substrata_build_sdl_custom\libs\libs.dir\relwithdebinfo\imfheader.obj
c:\programming\substrata\substrata_build_sdl_custom\libs\libs.dir\relwithdebinfo\imfoutputpart.obj
c:\programming\substrata\substrata_build_sdl_custom\libs\libs.dir\relwithdebinfo\imfoutputpartdata.obj
c:\programming\substrata\substrata_build_sdl_custom\libs\libs.dir\relwithdebinfo\imfrle.obj
c:\programming\substrata\substrata_build_sdl_custom\libs\libs.dir\relwithdebinfo\imfscanlineinputfile.obj
c:\programming\substrata\substrata_build_sdl_custom\libs\libs.dir\relwithdebinfo\iexbaseexc.obj
c:\programming\substrata\substrata_build_sdl_custom\libs\libs.dir\relwithdebinfo\imfdeepscanlineinputfile.obj
c:\programming\substrata\substrata_build_sdl_custom\libs\libs.dir\relwithdebinfo\imfgenericoutputfile.obj
c:\programming\substrata\substrata_build_sdl_custom\libs\libs.dir\relwithdebinfo\imflineorderattribute.obj
c:\programming\substrata\substrata_build_sdl_custom\libs\libs.dir\relwithdebinfo\imfparttype.obj
c:\programming\substrata\substrata_build_sdl_custom\libs\libs.dir\relwithdebinfo\imfrationalattribute.obj
c:\programming\substrata\substrata_build_sdl_custom\libs\libs.dir\relwithdebinfo\imfsystemspecific.obj
c:\programming\substrata\substrata_build_sdl_custom\libs\libs.dir\relwithdebinfo\imfthreading.obj
c:\programming\substrata\substrata_build_sdl_custom\libs\libs.dir\relwithdebinfo\imftiledescriptionattribute.obj
c:\programming\substrata\substrata_build_sdl_custom\libs\libs.dir\relwithdebinfo\imfzip.obj
c:\programming\substrata\substrata_build_sdl_custom\libs\libs.dir\relwithdebinfo\ilmthreadpool.obj
c:\programming\substrata\substrata_build_sdl_custom\libs\libs.dir\relwithdebinfo\imfcompressor.obj
c:\programming\substrata\substrata_build_sdl_custom\libs\libs.dir\relwithdebinfo\imfdeeptiledoutputpart.obj
c:\programming\substrata\substrata_build_sdl_custom\libs\libs.dir\relwithdebinfo\imfframebuffer.obj
c:\programming\substrata\substrata_build_sdl_custom\libs\libs.dir\relwithdebinfo\imfkeycode.obj
c:\programming\substrata\substrata_build_sdl_custom\libs\libs.dir\relwithdebinfo\imfmultiview.obj
c:\programming\substrata\substrata_build_sdl_custom\libs\libs.dir\relwithdebinfo\imfrational.obj
c:\programming\substrata\substrata_build_sdl_custom\libs\libs.dir\relwithdebinfo\imfrgbafile.obj
c:\programming\substrata\substrata_build_sdl_custom\libs\libs.dir\relwithdebinfo\imftileoffsets.obj
c:\programming\substrata\substrata_build_sdl_custom\libs\libs.dir\relwithdebinfo\iexmathfpu.obj
c:\programming\substrata\substrata_build_sdl_custom\libs\libs.dir\relwithdebinfo\imfacesfile.obj
c:\programming\substrata\substrata_build_sdl_custom\libs\libs.dir\relwithdebinfo\imfcrgbafile.obj
c:\programming\substrata\substrata_build_sdl_custom\libs\libs.dir\relwithdebinfo\imfdoubleattribute.obj
c:\programming\substrata\substrata_build_sdl_custom\libs\libs.dir\relwithdebinfo\imfframespersecond.obj
c:\programming\substrata\substrata_build_sdl_custom\libs\libs.dir\relwithdebinfo\imfidmanifest.obj
c:\programming\substrata\substrata_build_sdl_custom\libs\libs.dir\relwithdebinfo\imfpreviewimageattribute.obj
c:\programming\substrata\substrata_build_sdl_custom\libs\libs.dir\relwithdebinfo\imftestfile.obj
c:\programming\substrata\substrata_build_sdl_custom\libs\libs.dir\relwithdebinfo\imftimecode.obj
c:\programming\substrata\substrata_build_sdl_custom\libs\libs.dir\relwithdebinfo\iexthrowerrnoexc.obj
c:\programming\substrata\substrata_build_sdl_custom\libs\libs.dir\relwithdebinfo\imfcompressionattribute.obj
c:\programming\substrata\substrata_build_sdl_custom\libs\libs.dir\relwithdebinfo\imfdeeptiledoutputfile.obj
c:\programming\substrata\substrata_build_sdl_custom\libs\libs.dir\relwithdebinfo\imfinputfile.obj
c:\programming\substrata\substrata_build_sdl_custom\libs\libs.dir\relwithdebinfo\imfopaqueattribute.obj
c:\programming\substrata\substrata_build_sdl_custom\libs\libs.dir\relwithdebinfo\imfrgbayca.obj
c:\programming\substrata\substrata_build_sdl_custom\libs\libs.dir\relwithdebinfo\imftiledoutputfile.obj
c:\programming\substrata\substrata_build_sdl_custom\libs\libs.dir\relwithdebinfo\imathfun.obj
c:\programming\substrata\substrata_build_sdl_custom\libs\libs.dir\relwithdebinfo\imfb44compressor.obj
c:\programming\substrata\substrata_build_sdl_custom\libs\libs.dir\relwithdebinfo\imfdeepcompositing.obj
c:\programming\substrata\substrata_build_sdl_custom\libs\libs.dir\relwithdebinfo\imfdeeptiledinputfile.obj
c:\programming\substrata\substrata_build_sdl_custom\libs\libs.dir\relwithdebinfo\imfinputpart.obj
c:\programming\substrata\substrata_build_sdl_custom\libs\libs.dir\relwithdebinfo\imfintattribute.obj
c:\programming\substrata\substrata_build_sdl_custom\libs\libs.dir\relwithdebinfo\imfmultipartoutputfile.obj
c:\programming\substrata\substrata_build_sdl_custom\libs\libs.dir\relwithdebinfo\imfstringattribute.obj
c:\programming\substrata\substrata_build_sdl_custom\libs\libs.dir\relwithdebinfo\imftiledoutputpart.obj
c:\programming\substrata\substrata_build_sdl_custom\libs\libs.dir\relwithdebinfo\ilmthread.obj
c:\programming\substrata\substrata_build_sdl_custom\libs\libs.dir\relwithdebinfo\imfchannellistattribute.obj
c:\programming\substrata\substrata_build_sdl_custom\libs\libs.dir\relwithdebinfo\imfdeepframebuffer.obj
c:\programming\substrata\substrata_build_sdl_custom\libs\libs.dir\relwithdebinfo\imfenvmap.obj
c:\programming\substrata\substrata_build_sdl_custom\libs\libs.dir\relwithdebinfo\imfhuf.obj
c:\programming\substrata\substrata_build_sdl_custom\libs\libs.dir\relwithdebinfo\imflut.obj
c:\programming\substrata\substrata_build_sdl_custom\libs\libs.dir\relwithdebinfo\imfpizcompressor.obj
c:\programming\substrata\substrata_build_sdl_custom\libs\libs.dir\relwithdebinfo\imfrlecompressor.obj
c:\programming\substrata\substrata_build_sdl_custom\libs\libs.dir\relwithdebinfo\imftiledmisc.obj
c:\programming\substrata\substrata_build_sdl_custom\libs\libs.dir\relwithdebinfo\pugixml.obj
c:\programming\substrata\substrata_build_sdl_custom\libs\libs.dir\relwithdebinfo\imathmatrixalgo.obj
c:\programming\substrata\substrata_build_sdl_custom\libs\libs.dir\relwithdebinfo\imfconvert.obj
c:\programming\substrata\substrata_build_sdl_custom\libs\libs.dir\relwithdebinfo\imfdeeptiledinputpart.obj
c:\programming\substrata\substrata_build_sdl_custom\libs\libs.dir\relwithdebinfo\imffloatvectorattribute.obj
c:\programming\substrata\substrata_build_sdl_custom\libs\libs.dir\relwithdebinfo\imfio.obj
c:\programming\substrata\substrata_build_sdl_custom\libs\libs.dir\relwithdebinfo\imfmultipartinputfile.obj
c:\programming\substrata\substrata_build_sdl_custom\libs\libs.dir\relwithdebinfo\imfstdio.obj
c:\programming\substrata\substrata_build_sdl_custom\libs\libs.dir\relwithdebinfo\imfvecattribute.obj
c:\programming\substrata_output\vs2022\cyberspace_x64_sdl_custom\relwithdebinfo\libs.pdb
c:\programming\substrata\substrata_build_sdl_custom\libs\cmakefiles\generate.stamp
c:\programming\substrata_output\vs2022\cyberspace_x64_sdl_custom\relwithdebinfo\libs.lib
c:\programming\substrata\substrata_build_sdl_custom\libs\libs.dir\relwithdebinfo\libs.tlog\cl.11228.write.1.tlog
c:\programming\substrata\substrata_build_sdl_custom\libs\libs.dir\relwithdebinfo\libs.tlog\cl.command.1.tlog
c:\programming\substrata\substrata_build_sdl_custom\libs\libs.dir\relwithdebinfo\libs.tlog\cl.items.tlog
c:\programming\substrata\substrata_build_sdl_custom\libs\libs.dir\relwithdebinfo\libs.tlog\cl.read.1.tlog
c:\programming\substrata\substrata_build_sdl_custom\libs\libs.dir\relwithdebinfo\libs.tlog\custombuild.command.1.tlog
c:\programming\substrata\substrata_build_sdl_custom\libs\libs.dir\relwithdebinfo\libs.tlog\custombuild.read.1.tlog
c:\programming\substrata\substrata_build_sdl_custom\libs\libs.dir\relwithdebinfo\libs.tlog\custombuild.write.1.tlog
c:\programming\substrata\substrata_build_sdl_custom\libs\libs.dir\relwithdebinfo\libs.tlog\lib-link.read.1.tlog
c:\programming\substrata\substrata_build_sdl_custom\libs\libs.dir\relwithdebinfo\libs.tlog\lib-link.write.1.tlog
c:\programming\substrata\substrata_build_sdl_custom\libs\libs.dir\relwithdebinfo\libs.tlog\lib.command.1.tlog
