c:\programming\substrata\substrata_build_sdl_custom\gui_client\gui_client.dir\relwithdebinfo\vc143.pdb
c:\programming\substrata\substrata_build_sdl_custom\gui_client\gui_client.dir\relwithdebinfo\c_\programming\glare-core\utils\parser.cpp.obj
c:\programming\substrata\substrata_build_sdl_custom\gui_client\gui_client.dir\relwithdebinfo\exrdecoder.obj
c:\programming\substrata\substrata_build_sdl_custom\gui_client\gui_client.dir\relwithdebinfo\pngdecoder.obj
c:\programming\substrata\substrata_build_sdl_custom\gui_client\gui_client.dir\relwithdebinfo\packet.obj
c:\programming\substrata\substrata_build_sdl_custom\gui_client\gui_client.dir\relwithdebinfo\udpsocket.obj
c:\programming\substrata\substrata_build_sdl_custom\gui_client\gui_client.dir\relwithdebinfo\tlssockettests.obj
c:\programming\substrata\substrata_build_sdl_custom\gui_client\gui_client.dir\relwithdebinfo\raymesh.obj
c:\programming\substrata\substrata_build_sdl_custom\gui_client\gui_client.dir\relwithdebinfo\eventfd.obj
c:\programming\substrata\substrata_build_sdl_custom\gui_client\gui_client.dir\relwithdebinfo\fileutils.obj
c:\programming\substrata\substrata_build_sdl_custom\gui_client\gui_client.dir\relwithdebinfo\taskmanager.obj
c:\programming\substrata\substrata_build_sdl_custom\gui_client\gui_client.dir\relwithdebinfo\vector.obj
c:\programming\substrata\substrata_build_sdl_custom\gui_client\gui_client.dir\relwithdebinfo\testutils.obj
c:\programming\substrata\substrata_build_sdl_custom\gui_client\gui_client.dir\relwithdebinfo\hashset.obj
c:\programming\substrata\substrata_build_sdl_custom\gui_client\gui_client.dir\relwithdebinfo\wnt_functionexpression.obj
c:\programming\substrata\substrata_build_sdl_custom\gui_client\gui_client.dir\relwithdebinfo\compiledvalue.obj
c:\programming\substrata\substrata_build_sdl_custom\gui_client\gui_client.dir\relwithdebinfo\biomemanager.obj
c:\programming\substrata\substrata_build_sdl_custom\gui_client\gui_client.dir\relwithdebinfo\credentialmanager.obj
c:\programming\substrata\substrata_build_sdl_custom\gui_client\gui_client.dir\relwithdebinfo\gestureui.obj
c:\programming\substrata\substrata_build_sdl_custom\gui_client\gui_client.dir\relwithdebinfo\modelloading.obj
c:\programming\substrata\substrata_build_sdl_custom\gui_client\gui_client.dir\relwithdebinfo\uploadresourcethread.obj
c:\programming\substrata\substrata_build_sdl_custom\gui_client\gui_client.dir\relwithdebinfo\chatui.obj
c:\programming\substrata\substrata_build_sdl_custom\gui_client\gui_client.dir\relwithdebinfo\worldsettings.obj
c:\programming\substrata\substrata_build_sdl_custom\gui_client\gui_client.dir\relwithdebinfo\lodchunk.obj
c:\programming\substrata\substrata_build_sdl_custom\gui_client\gui_client.dir\relwithdebinfo\openglengine.obj
c:\programming\substrata\substrata_build_sdl_custom\gui_client\gui_client.dir\relwithdebinfo\hoa_rotator.obj
c:\programming\substrata\substrata_build_sdl_custom\gui_client\gui_client.dir\relwithdebinfo\ambisonic_mixing_encoder_node.obj
c:\programming\substrata\substrata_build_sdl_custom\gui_client\gui_client.dir\relwithdebinfo\resonance_audio_api_impl.obj
c:\programming\substrata\substrata_build_sdl_custom\gui_client\gui_client.dir\relwithdebinfo\allocator.obj
c:\programming\substrata\substrata_build_sdl_custom\gui_client\gui_client.dir\relwithdebinfo\indexcodec.obj
c:\programming\substrata\substrata_build_sdl_custom\gui_client\gui_client.dir\relwithdebinfo\indexgenerator.obj
c:\programming\substrata\substrata_build_sdl_custom\gui_client\gui_client.dir\relwithdebinfo\overdrawoptimizer.obj
c:\programming\substrata\substrata_build_sdl_custom\gui_client\gui_client.dir\relwithdebinfo\stripifier.obj
c:\programming\substrata\substrata_build_sdl_custom\gui_client\gui_client.dir\relwithdebinfo\vfetchoptimizer.obj
c:\programming\substrata\substrata_build_sdl_custom\gui_client\gui_client.dir\relwithdebinfo\imgui_demo.obj
c:\programming\substrata\substrata_build_sdl_custom\gui_client\gui_client.dir\relwithdebinfo\colour3f.obj
c:\programming\substrata\substrata_build_sdl_custom\gui_client\gui_client.dir\relwithdebinfo\fftplan.obj
c:\programming\substrata\substrata_build_sdl_custom\gui_client\gui_client.dir\relwithdebinfo\formatdecodergltf.obj
c:\programming\substrata\substrata_build_sdl_custom\gui_client\gui_client.dir\relwithdebinfo\httpclient.obj
c:\programming\substrata\substrata_build_sdl_custom\gui_client\gui_client.dir\relwithdebinfo\bestfitallocator.obj
c:\programming\substrata\substrata_build_sdl_custom\gui_client\gui_client.dir\relwithdebinfo\conprint.obj
c:\programming\substrata\substrata_build_sdl_custom\gui_client\gui_client.dir\relwithdebinfo\jsonparser.obj
c:\programming\substrata\substrata_build_sdl_custom\gui_client\gui_client.dir\relwithdebinfo\poolallocator.obj
c:\programming\substrata\substrata_build_sdl_custom\gui_client\gui_client.dir\relwithdebinfo\socketbufferoutstream.obj
c:\programming\substrata\substrata_build_sdl_custom\gui_client\gui_client.dir\relwithdebinfo\tasktests.obj
c:\programming\substrata\substrata_build_sdl_custom\gui_client\gui_client.dir\relwithdebinfo\bufferviewinstream.obj
c:\programming\substrata\substrata_build_sdl_custom\gui_client\gui_client.dir\relwithdebinfo\topologicalsort.obj
c:\programming\substrata\substrata_build_sdl_custom\gui_client\gui_client.dir\relwithdebinfo\builtinfunctionimpl.obj
c:\programming\substrata\substrata_build_sdl_custom\gui_client\gui_client.dir\relwithdebinfo\wnt_vectorliteral.obj
c:\programming\substrata\substrata_build_sdl_custom\gui_client\gui_client.dir\relwithdebinfo\browservidplayer.obj
c:\programming\substrata\substrata_build_sdl_custom\gui_client\gui_client.dir\relwithdebinfo\loaditemqueue.obj
c:\programming\substrata\substrata_build_sdl_custom\gui_client\gui_client.dir\relwithdebinfo\miscinfoui.obj
c:\programming\substrata\substrata_build_sdl_custom\gui_client\gui_client.dir\relwithdebinfo\saveresourcesdbthread.obj
c:\programming\substrata\substrata_build_sdl_custom\gui_client\gui_client.dir\relwithdebinfo\terraintests.obj
c:\programming\substrata\substrata_build_sdl_custom\gui_client\gui_client.dir\relwithdebinfo\photomodeui.obj
c:\programming\substrata\substrata_build_sdl_custom\gui_client\gui_client.dir\relwithdebinfo\timerqueue.obj
c:\programming\substrata\substrata_build_sdl_custom\gui_client\gui_client.dir\relwithdebinfo\cached-powers.obj
c:\programming\substrata\substrata_build_sdl_custom\gui_client\gui_client.dir\relwithdebinfo\fast-dtoa.obj
c:\programming\substrata\substrata_build_sdl_custom\gui_client\gui_client.dir\relwithdebinfo\asynctextureloader.obj
c:\programming\substrata\substrata_build_sdl_custom\gui_client\gui_client.dir\relwithdebinfo\openglprogram.obj
c:\programming\substrata\substrata_build_sdl_custom\gui_client\gui_client.dir\relwithdebinfo\textureloadingtests.obj
c:\programming\substrata\substrata_build_sdl_custom\gui_client\gui_client.dir\relwithdebinfo\gluibutton.obj
c:\programming\substrata\substrata_build_sdl_custom\gui_client\gui_client.dir\relwithdebinfo\gluislider.obj
c:\programming\substrata\substrata_build_sdl_custom\gui_client\gui_client.dir\relwithdebinfo\audioengine.obj
c:\programming\substrata\substrata_build_sdl_custom\gui_client\gui_client.dir\relwithdebinfo\circular_buffer.obj
c:\programming\substrata\substrata_build_sdl_custom\gui_client\gui_client.dir\relwithdebinfo\gain.obj
c:\programming\substrata\substrata_build_sdl_custom\gui_client\gui_client.dir\relwithdebinfo\partitioned_fft_filter.obj
c:\programming\substrata\substrata_build_sdl_custom\gui_client\gui_client.dir\relwithdebinfo\buffered_source_node.obj
c:\programming\substrata\substrata_build_sdl_custom\gui_client\gui_client.dir\relwithdebinfo\hoa_rotator_node.obj
c:\programming\substrata\substrata_build_sdl_custom\gui_client\gui_client.dir\relwithdebinfo\common_utils.obj
c:\programming\substrata\substrata_build_sdl_custom\gui_client\gui_client.dir\relwithdebinfo\simplifier.obj
c:\programming\substrata\substrata_build_sdl_custom\gui_client\gui_client.dir\relwithdebinfo\tracyclient.obj
c:\programming\substrata\substrata_build_sdl_custom\gui_client\gui_client.dir\relwithdebinfo\lbitlib.obj
c:\programming\substrata\substrata_build_sdl_custom\gui_client\gui_client.dir\relwithdebinfo\lbuiltins.obj
c:\programming\substrata\substrata_build_sdl_custom\gui_client\gui_client.dir\relwithdebinfo\lmem.obj
c:\programming\substrata\substrata_build_sdl_custom\gui_client\gui_client.dir\relwithdebinfo\lstring.obj
c:\programming\substrata\substrata_build_sdl_custom\gui_client\gui_client.dir\relwithdebinfo\ludata.obj
c:\programming\substrata\substrata_build_sdl_custom\gui_client\gui_client.dir\relwithdebinfo\builtinfolding.obj
c:\programming\substrata\substrata_build_sdl_custom\gui_client\gui_client.dir\relwithdebinfo\confusables.obj
c:\programming\substrata\substrata_build_sdl_custom\gui_client\gui_client.dir\relwithdebinfo\luavm.obj
c:\programming\substrata\substrata_build_sdl_custom\gui_client\gui_client.dir\relwithdebinfo\colour4f.obj
c:\programming\substrata\substrata_build_sdl_custom\gui_client\gui_client.dir\relwithdebinfo\formatdecoderobj.obj
c:\programming\substrata\substrata_build_sdl_custom\gui_client\gui_client.dir\relwithdebinfo\jpegdecoder.obj
c:\programming\substrata\substrata_build_sdl_custom\gui_client\gui_client.dir\relwithdebinfo\textureprocessingtests.obj
c:\programming\substrata\substrata_build_sdl_custom\gui_client\gui_client.dir\relwithdebinfo\matrix4f.obj
c:\programming\substrata\substrata_build_sdl_custom\gui_client\gui_client.dir\relwithdebinfo\lrucache.obj
c:\programming\substrata\substrata_build_sdl_custom\gui_client\gui_client.dir\relwithdebinfo\wnt_functiondefinition.obj
c:\programming\substrata\substrata_build_sdl_custom\gui_client\gui_client.dir\relwithdebinfo\wnt_letblock.obj
c:\programming\substrata\substrata_build_sdl_custom\gui_client\gui_client.dir\relwithdebinfo\carphysics.obj
c:\programming\substrata\substrata_build_sdl_custom\gui_client\gui_client.dir\relwithdebinfo\loadscripttask.obj
c:\programming\substrata\substrata_build_sdl_custom\gui_client\gui_client.dir\relwithdebinfo\netdownloadresourcesthread.obj
c:\programming\substrata\substrata_build_sdl_custom\gui_client\gui_client.dir\relwithdebinfo\playerphysics.obj
c:\programming\substrata\substrata_build_sdl_custom\gui_client\gui_client.dir\relwithdebinfo\undobuffer.obj
c:\programming\substrata\substrata_build_sdl_custom\gui_client\gui_client.dir\relwithdebinfo\worldstate.obj
c:\programming\substrata\substrata_build_sdl_custom\gui_client\gui_client.dir\relwithdebinfo\imagedecoding.obj
c:\programming\substrata\substrata_build_sdl_custom\gui_client\gui_client.dir\relwithdebinfo\parcel.obj
c:\programming\substrata\substrata_build_sdl_custom\gui_client\gui_client.dir\relwithdebinfo\worlddetails.obj
c:\programming\substrata\substrata_build_sdl_custom\gui_client\gui_client.dir\relwithdebinfo\string-to-double.obj
c:\programming\substrata\substrata_build_sdl_custom\gui_client\gui_client.dir\relwithdebinfo\vertexbufferallocator.obj
c:\programming\substrata\substrata_build_sdl_custom\gui_client\gui_client.dir\relwithdebinfo\shadowmapping.obj
c:\programming\substrata\substrata_build_sdl_custom\gui_client\gui_client.dir\relwithdebinfo\pboasynctextureuploader.obj
c:\programming\substrata\substrata_build_sdl_custom\gui_client\gui_client.dir\relwithdebinfo\fontchartexcache.obj
c:\programming\substrata\substrata_build_sdl_custom\gui_client\gui_client.dir\relwithdebinfo\wavaudiofilereader.obj
c:\programming\substrata\substrata_build_sdl_custom\gui_client\gui_client.dir\relwithdebinfo\simd_utils.obj
c:\programming\substrata\substrata_build_sdl_custom\gui_client\gui_client.dir\relwithdebinfo\multi_channel_iir.obj
c:\programming\substrata\substrata_build_sdl_custom\gui_client\gui_client.dir\relwithdebinfo\reverb_onset_update_processor.obj
c:\programming\substrata\substrata_build_sdl_custom\gui_client\gui_client.dir\relwithdebinfo\ambisonic_binaural_decoder_node.obj
c:\programming\substrata\substrata_build_sdl_custom\gui_client\gui_client.dir\relwithdebinfo\reflections_node.obj
c:\programming\substrata\substrata_build_sdl_custom\gui_client\gui_client.dir\relwithdebinfo\buffer_unpartitioner.obj
c:\programming\substrata\substrata_build_sdl_custom\gui_client\gui_client.dir\relwithdebinfo\wav_reader.obj
c:\programming\substrata\substrata_build_sdl_custom\gui_client\gui_client.dir\relwithdebinfo\imgui_widgets.obj
c:\programming\substrata\substrata_build_sdl_custom\gui_client\gui_client.dir\relwithdebinfo\types.obj
c:\programming\substrata\substrata_build_sdl_custom\gui_client\gui_client.dir\relwithdebinfo\luaserialisation.obj
c:\programming\substrata\substrata_build_sdl_custom\gui_client\gui_client.dir\relwithdebinfo\compressedimage.obj
c:\programming\substrata\substrata_build_sdl_custom\gui_client\gui_client.dir\relwithdebinfo\formatdecodervox.obj
c:\programming\substrata\substrata_build_sdl_custom\gui_client\gui_client.dir\relwithdebinfo\imagemaptests.obj
c:\programming\substrata\substrata_build_sdl_custom\gui_client\gui_client.dir\relwithdebinfo\shelfpack.obj
c:\programming\substrata\substrata_build_sdl_custom\gui_client\gui_client.dir\relwithdebinfo\matrix3.obj
c:\programming\substrata\substrata_build_sdl_custom\gui_client\gui_client.dir\relwithdebinfo\vec4i.obj
c:\programming\substrata\substrata_build_sdl_custom\gui_client\gui_client.dir\relwithdebinfo\recordingsocket.obj
c:\programming\substrata\substrata_build_sdl_custom\gui_client\gui_client.dir\relwithdebinfo\websockettests.obj
c:\programming\substrata\substrata_build_sdl_custom\gui_client\gui_client.dir\relwithdebinfo\binningbvhbuilder.obj
c:\programming\substrata\substrata_build_sdl_custom\gui_client\gui_client.dir\relwithdebinfo\cycletimer.obj
c:\programming\substrata\substrata_build_sdl_custom\gui_client\gui_client.dir\relwithdebinfo\filehandle.obj
c:\programming\substrata\substrata_build_sdl_custom\gui_client\gui_client.dir\relwithdebinfo\atomicint.obj
c:\programming\substrata\substrata_build_sdl_custom\gui_client\gui_client.dir\relwithdebinfo\messageablethread.obj
c:\programming\substrata\substrata_build_sdl_custom\gui_client\gui_client.dir\relwithdebinfo\fastpoolallocator.obj
c:\programming\substrata\substrata_build_sdl_custom\gui_client\gui_client.dir\relwithdebinfo\sort.obj
c:\programming\substrata\substrata_build_sdl_custom\gui_client\gui_client.dir\relwithdebinfo\runtimecheck.obj
c:\programming\substrata\substrata_build_sdl_custom\gui_client\gui_client.dir\relwithdebinfo\generationalarray.obj
c:\programming\substrata\substrata_build_sdl_custom\gui_client\gui_client.dir\relwithdebinfo\openssl.obj
c:\programming\substrata\substrata_build_sdl_custom\gui_client\gui_client.dir\relwithdebinfo\aesencryption.obj
c:\programming\substrata\substrata_build_sdl_custom\gui_client\gui_client.dir\relwithdebinfo\virtualmachine.obj
c:\programming\substrata\substrata_build_sdl_custom\gui_client\gui_client.dir\relwithdebinfo\cefinternal.obj
c:\programming\substrata\substrata_build_sdl_custom\gui_client\gui_client.dir\relwithdebinfo\clientudphandlerthread.obj
c:\programming\substrata\substrata_build_sdl_custom\gui_client\gui_client.dir\relwithdebinfo\loadmodeltask.obj
c:\programming\substrata\substrata_build_sdl_custom\gui_client\gui_client.dir\relwithdebinfo\objectpathcontroller.obj
c:\programming\substrata\substrata_build_sdl_custom\gui_client\gui_client.dir\relwithdebinfo\testsuite.obj
c:\programming\substrata\substrata_build_sdl_custom\gui_client\gui_client.dir\relwithdebinfo\sdluiinterface.obj
c:\programming\substrata\substrata_build_sdl_custom\gui_client\gui_client.dir\relwithdebinfo\substrataluavm.obj
c:\programming\substrata\substrata_build_sdl_custom\gui_client\gui_client.dir\relwithdebinfo\openglcircularbuffer.obj
c:\programming\substrata\substrata_build_sdl_custom\gui_client\gui_client.dir\relwithdebinfo\uniformbufob.obj
c:\programming\substrata\substrata_build_sdl_custom\gui_client\gui_client.dir\relwithdebinfo\renderstatswidget.obj
c:\programming\substrata\substrata_build_sdl_custom\gui_client\gui_client.dir\relwithdebinfo\gluilineedit.obj
c:\programming\substrata\substrata_build_sdl_custom\gui_client\gui_client.dir\relwithdebinfo\mp3audiofilereader.obj
c:\programming\substrata\substrata_build_sdl_custom\gui_client\gui_client.dir\relwithdebinfo\audio_buffer.obj
c:\programming\substrata\substrata_build_sdl_custom\gui_client\gui_client.dir\relwithdebinfo\spherical_angle.obj
c:\programming\substrata\substrata_build_sdl_custom\gui_client\gui_client.dir\relwithdebinfo\occlusion_calculator.obj
c:\programming\substrata\substrata_build_sdl_custom\gui_client\gui_client.dir\relwithdebinfo\foa_rotator_node.obj
c:\programming\substrata\substrata_build_sdl_custom\gui_client\gui_client.dir\relwithdebinfo\source_parameters_manager.obj
c:\programming\substrata\substrata_build_sdl_custom\gui_client\gui_client.dir\relwithdebinfo\clusterizer.obj
c:\programming\substrata\substrata_build_sdl_custom\gui_client\gui_client.dir\relwithdebinfo\spatialorder.obj
c:\programming\substrata\substrata_build_sdl_custom\gui_client\gui_client.dir\relwithdebinfo\vertexcodec.obj
c:\programming\substrata\substrata_build_sdl_custom\gui_client\gui_client.dir\relwithdebinfo\laux.obj
c:\programming\substrata\substrata_build_sdl_custom\gui_client\gui_client.dir\relwithdebinfo\lbuflib.obj
c:\programming\substrata\substrata_build_sdl_custom\gui_client\gui_client.dir\relwithdebinfo\lcorolib.obj
c:\programming\substrata\substrata_build_sdl_custom\gui_client\gui_client.dir\relwithdebinfo\ldo.obj
c:\programming\substrata\substrata_build_sdl_custom\gui_client\gui_client.dir\relwithdebinfo\lvmexecute.obj
c:\programming\substrata\substrata_build_sdl_custom\gui_client\gui_client.dir\relwithdebinfo\batchedmeshtests.obj
c:\programming\substrata\substrata_build_sdl_custom\gui_client\gui_client.dir\relwithdebinfo\ktxdecoder.obj
c:\programming\substrata\substrata_build_sdl_custom\gui_client\gui_client.dir\relwithdebinfo\discretedistribution.obj
c:\programming\substrata\substrata_build_sdl_custom\gui_client\gui_client.dir\relwithdebinfo\sse.obj
c:\programming\substrata\substrata_build_sdl_custom\gui_client\gui_client.dir\relwithdebinfo\vec4f.obj
c:\programming\substrata\substrata_build_sdl_custom\gui_client\gui_client.dir\relwithdebinfo\smtpclient.obj
c:\programming\substrata\substrata_build_sdl_custom\gui_client\gui_client.dir\relwithdebinfo\allocatorvectorunittests.obj
c:\programming\substrata\substrata_build_sdl_custom\gui_client\gui_client.dir\relwithdebinfo\fileoutstream.obj
c:\programming\substrata\substrata_build_sdl_custom\gui_client\gui_client.dir\relwithdebinfo\lineariterset.obj
c:\programming\substrata\substrata_build_sdl_custom\gui_client\gui_client.dir\relwithdebinfo\numeric.obj
c:\programming\substrata\substrata_build_sdl_custom\gui_client\gui_client.dir\relwithdebinfo\smallarray.obj
c:\programming\substrata\substrata_build_sdl_custom\gui_client\gui_client.dir\relwithdebinfo\threadmessage.obj
c:\programming\substrata\substrata_build_sdl_custom\gui_client\gui_client.dir\relwithdebinfo\vectorunittests.obj
c:\programming\substrata\substrata_build_sdl_custom\gui_client\gui_client.dir\relwithdebinfo\value.obj
c:\programming\substrata\substrata_build_sdl_custom\gui_client\gui_client.dir\relwithdebinfo\wnt_type.obj
c:\programming\substrata\substrata_build_sdl_custom\gui_client\gui_client.dir\relwithdebinfo\wnt_varrayliteral.obj
c:\programming\substrata\substrata_build_sdl_custom\gui_client\gui_client.dir\relwithdebinfo\cameracontroller.obj
c:\programming\substrata\substrata_build_sdl_custom\gui_client\gui_client.dir\relwithdebinfo\downloadingresourcequeue.obj
c:\programming\substrata\substrata_build_sdl_custom\gui_client\gui_client.dir\relwithdebinfo\headupdisplayui.obj
c:\programming\substrata\substrata_build_sdl_custom\gui_client\gui_client.dir\relwithdebinfo\meshbuilding.obj
c:\programming\substrata\substrata_build_sdl_custom\gui_client\gui_client.dir\relwithdebinfo\proximityloader.obj
c:\programming\substrata\substrata_build_sdl_custom\gui_client\gui_client.dir\relwithdebinfo\urlwhitelist.obj
c:\programming\substrata\substrata_build_sdl_custom\gui_client\gui_client.dir\relwithdebinfo\emscriptenresourcedownloader.obj
c:\programming\substrata\substrata_build_sdl_custom\gui_client\gui_client.dir\relwithdebinfo\resourcemanager.obj
c:\programming\substrata\substrata_build_sdl_custom\gui_client\gui_client.dir\relwithdebinfo\bignum-dtoa.obj
c:\programming\substrata\substrata_build_sdl_custom\gui_client\gui_client.dir\relwithdebinfo\double-to-string.obj
c:\programming\substrata\substrata_build_sdl_custom\gui_client\gui_client.dir\relwithdebinfo\renderbuffer.obj
c:\programming\substrata\substrata_build_sdl_custom\gui_client\gui_client.dir\relwithdebinfo\openglshader.obj
c:\programming\substrata\substrata_build_sdl_custom\gui_client\gui_client.dir\relwithdebinfo\query.obj
c:\programming\substrata\substrata_build_sdl_custom\gui_client\gui_client.dir\relwithdebinfo\timestampquery.obj
c:\programming\substrata\substrata_build_sdl_custom\gui_client\gui_client.dir\relwithdebinfo\opengluploadthread.obj
c:\programming\substrata\substrata_build_sdl_custom\gui_client\gui_client.dir\relwithdebinfo\videoreader.obj
c:\programming\substrata\substrata_build_sdl_custom\gui_client\gui_client.dir\relwithdebinfo\rtaudio.obj
c:\programming\substrata\substrata_build_sdl_custom\gui_client\gui_client.dir\relwithdebinfo\misc_math.obj
c:\programming\substrata\substrata_build_sdl_custom\gui_client\gui_client.dir\relwithdebinfo\gain_mixer.obj
c:\programming\substrata\substrata_build_sdl_custom\gui_client\gui_client.dir\relwithdebinfo\shoe_box_room.obj
c:\programming\substrata\substrata_build_sdl_custom\gui_client\gui_client.dir\relwithdebinfo\gain_node.obj
c:\programming\substrata\substrata_build_sdl_custom\gui_client\gui_client.dir\relwithdebinfo\source_config.obj
c:\programming\substrata\substrata_build_sdl_custom\gui_client\gui_client.dir\relwithdebinfo\processing_node.obj
c:\programming\substrata\substrata_build_sdl_custom\gui_client\gui_client.dir\relwithdebinfo\planar_interleaved_conversion.obj
c:\programming\substrata\substrata_build_sdl_custom\gui_client\gui_client.dir\relwithdebinfo\imgui_impl_sdl2.obj
c:\programming\substrata\substrata_build_sdl_custom\gui_client\gui_client.dir\relwithdebinfo\lobject.obj
c:\programming\substrata\substrata_build_sdl_custom\gui_client\gui_client.dir\relwithdebinfo\ltablib.obj
c:\programming\substrata\substrata_build_sdl_custom\gui_client\gui_client.dir\relwithdebinfo\bytecodebuilder.obj
c:\programming\substrata\substrata_build_sdl_custom\gui_client\gui_client.dir\relwithdebinfo\settingsstore.obj
c:\programming\substrata\substrata_build_sdl_custom\gui_client\gui_client.dir\relwithdebinfo\batchedmesh.obj
c:\programming\substrata\substrata_build_sdl_custom\gui_client\gui_client.dir\relwithdebinfo\imformatdecoder.obj
c:\programming\substrata\substrata_build_sdl_custom\gui_client\gui_client.dir\relwithdebinfo\srgbutils.obj
c:\programming\substrata\substrata_build_sdl_custom\gui_client\gui_client.dir\relwithdebinfo\texturedata.obj
c:\programming\substrata\substrata_build_sdl_custom\gui_client\gui_client.dir\relwithdebinfo\checkedmaths.obj
c:\programming\substrata\substrata_build_sdl_custom\gui_client\gui_client.dir\relwithdebinfo\plane.obj
c:\programming\substrata\substrata_build_sdl_custom\gui_client\gui_client.dir\relwithdebinfo\quat.obj
c:\programming\substrata\substrata_build_sdl_custom\gui_client\gui_client.dir\relwithdebinfo\tlssocket.obj
c:\programming\substrata\substrata_build_sdl_custom\gui_client\gui_client.dir\relwithdebinfo\jscol_tree.obj
c:\programming\substrata\substrata_build_sdl_custom\gui_client\gui_client.dir\relwithdebinfo\arenaallocator.obj
c:\programming\substrata\substrata_build_sdl_custom\gui_client\gui_client.dir\relwithdebinfo\bitutils.obj
c:\programming\substrata\substrata_build_sdl_custom\gui_client\gui_client.dir\relwithdebinfo\checksum.obj
c:\programming\substrata\substrata_build_sdl_custom\gui_client\gui_client.dir\relwithdebinfo\filechecksum.obj
c:\programming\substrata\substrata_build_sdl_custom\gui_client\gui_client.dir\relwithdebinfo\instream.obj
c:\programming\substrata\substrata_build_sdl_custom\gui_client\gui_client.dir\relwithdebinfo\lock.obj
c:\programming\substrata\substrata_build_sdl_custom\gui_client\gui_client.dir\relwithdebinfo\memmappedfile.obj
c:\programming\substrata\substrata_build_sdl_custom\gui_client\gui_client.dir\relwithdebinfo\poolmap.obj
c:\programming\substrata\substrata_build_sdl_custom\gui_client\gui_client.dir\relwithdebinfo\threadtests.obj
c:\programming\substrata\substrata_build_sdl_custom\gui_client\gui_client.dir\relwithdebinfo\generalmemallocator.obj
c:\programming\substrata\substrata_build_sdl_custom\gui_client\gui_client.dir\relwithdebinfo\sharedstringtable.obj
c:\programming\substrata\substrata_build_sdl_custom\gui_client\gui_client.dir\relwithdebinfo\llvmtypeutils.obj
c:\programming\substrata\substrata_build_sdl_custom\gui_client\gui_client.dir\relwithdebinfo\wnt_tupleliteral.obj
c:\programming\substrata\substrata_build_sdl_custom\gui_client\gui_client.dir\relwithdebinfo\animatedtexturemanager.obj
c:\programming\substrata\substrata_build_sdl_custom\gui_client\gui_client.dir\relwithdebinfo\downloadresourcesthread.obj
c:\programming\substrata\substrata_build_sdl_custom\gui_client\gui_client.dir\relwithdebinfo\indigoconversion.obj
c:\programming\substrata\substrata_build_sdl_custom\gui_client\gui_client.dir\relwithdebinfo\obinfoui.obj
c:\programming\substrata\substrata_build_sdl_custom\gui_client\gui_client.dir\relwithdebinfo\scripting.obj
c:\programming\substrata\substrata_build_sdl_custom\gui_client\gui_client.dir\relwithdebinfo\sdlclient.obj
c:\programming\substrata\substrata_build_sdl_custom\gui_client\gui_client.dir\relwithdebinfo\meshprimitivebuilding.obj
c:\programming\substrata\substrata_build_sdl_custom\gui_client\gui_client.dir\relwithdebinfo\textureloading.obj
c:\programming\substrata\substrata_build_sdl_custom\gui_client\gui_client.dir\relwithdebinfo\glui.obj
c:\programming\substrata\substrata_build_sdl_custom\gui_client\gui_client.dir\relwithdebinfo\indigomesh.obj
c:\programming\substrata\substrata_build_sdl_custom\gui_client\gui_client.dir\relwithdebinfo\audioresampler.obj
c:\programming\substrata\substrata_build_sdl_custom\gui_client\gui_client.dir\relwithdebinfo\foa_rotator.obj
c:\programming\substrata\substrata_build_sdl_custom\gui_client\gui_client.dir\relwithdebinfo\gain_processor.obj
c:\programming\substrata\substrata_build_sdl_custom\gui_client\gui_client.dir\relwithdebinfo\resampler.obj
c:\programming\substrata\substrata_build_sdl_custom\gui_client\gui_client.dir\relwithdebinfo\graph_manager.obj
c:\programming\substrata\substrata_build_sdl_custom\gui_client\gui_client.dir\relwithdebinfo\source_node.obj
c:\programming\substrata\substrata_build_sdl_custom\gui_client\gui_client.dir\relwithdebinfo\sample_type_conversion.obj
c:\programming\substrata\substrata_build_sdl_custom\gui_client\gui_client.dir\relwithdebinfo\vertexfilter.obj
c:\programming\substrata\substrata_build_sdl_custom\gui_client\gui_client.dir\relwithdebinfo\lapi.obj
c:\programming\substrata\substrata_build_sdl_custom\gui_client\gui_client.dir\relwithdebinfo\lbuffer.obj
c:\programming\substrata\substrata_build_sdl_custom\gui_client\gui_client.dir\relwithdebinfo\ldblib.obj
c:\programming\substrata\substrata_build_sdl_custom\gui_client\gui_client.dir\relwithdebinfo\lgc.obj
c:\programming\substrata\substrata_build_sdl_custom\gui_client\gui_client.dir\relwithdebinfo\lnumprint.obj
c:\programming\substrata\substrata_build_sdl_custom\gui_client\gui_client.dir\relwithdebinfo\ltm.obj
c:\programming\substrata\substrata_build_sdl_custom\gui_client\gui_client.dir\relwithdebinfo\lvmload.obj
c:\programming\substrata\substrata_build_sdl_custom\gui_client\gui_client.dir\relwithdebinfo\tableshape.obj
c:\programming\substrata\substrata_build_sdl_custom\gui_client\gui_client.dir\relwithdebinfo\lexer.obj
c:\programming\substrata\substrata_build_sdl_custom\gui_client\gui_client.dir\relwithdebinfo\xmlsettingsstore.obj
c:\programming\substrata\substrata_build_sdl_custom\gui_client\gui_client.dir\relwithdebinfo\bitmap.obj
c:\programming\substrata\substrata_build_sdl_custom\gui_client\gui_client.dir\relwithdebinfo\gaussianimagefilter.obj
c:\programming\substrata\substrata_build_sdl_custom\gui_client\gui_client.dir\relwithdebinfo\imagefilter.obj
c:\programming\substrata\substrata_build_sdl_custom\gui_client\gui_client.dir\relwithdebinfo\voronoi.obj
c:\programming\substrata\substrata_build_sdl_custom\gui_client\gui_client.dir\relwithdebinfo\uvunwrapper.obj
c:\programming\substrata\substrata_build_sdl_custom\gui_client\gui_client.dir\relwithdebinfo\jscol_aabbox.obj
c:\programming\substrata\substrata_build_sdl_custom\gui_client\gui_client.dir\relwithdebinfo\keccak256.obj
c:\programming\substrata\substrata_build_sdl_custom\gui_client\gui_client.dir\relwithdebinfo\memalloc.obj
c:\programming\substrata\substrata_build_sdl_custom\gui_client\gui_client.dir\relwithdebinfo\plotter.obj
c:\programming\substrata\substrata_build_sdl_custom\gui_client\gui_client.dir\relwithdebinfo\task.obj
c:\programming\substrata\substrata_build_sdl_custom\gui_client\gui_client.dir\relwithdebinfo\threadmessagesink.obj
c:\programming\substrata\substrata_build_sdl_custom\gui_client\gui_client.dir\relwithdebinfo\timestamp.obj
c:\programming\substrata\substrata_build_sdl_custom\gui_client\gui_client.dir\relwithdebinfo\hashmap.obj
c:\programming\substrata\substrata_build_sdl_custom\gui_client\gui_client.dir\relwithdebinfo\wnt_langparser.obj
c:\programming\substrata\substrata_build_sdl_custom\gui_client\gui_client.dir\relwithdebinfo\wnt_letastnode.obj
c:\programming\substrata\substrata_build_sdl_custom\gui_client\gui_client.dir\relwithdebinfo\avatargraphics.obj
c:\programming\substrata\substrata_build_sdl_custom\gui_client\gui_client.dir\relwithdebinfo\particlemanager.obj
c:\programming\substrata\substrata_build_sdl_custom\gui_client\gui_client.dir\relwithdebinfo\terrainscattering.obj
c:\programming\substrata\substrata_build_sdl_custom\gui_client\gui_client.dir\relwithdebinfo\garbagedeleterthread.obj
c:\programming\substrata\substrata_build_sdl_custom\gui_client\gui_client.dir\relwithdebinfo\lodgeneration.obj
c:\programming\substrata\substrata_build_sdl_custom\gui_client\gui_client.dir\relwithdebinfo\glmeshbuilding.obj
c:\programming\substrata\substrata_build_sdl_custom\gui_client\gui_client.dir\relwithdebinfo\bufferedtimeelapsedquery.obj
c:\programming\substrata\substrata_build_sdl_custom\gui_client\gui_client.dir\relwithdebinfo\pbo.obj
c:\programming\substrata\substrata_build_sdl_custom\gui_client\gui_client.dir\relwithdebinfo\gluitextview.obj
c:\programming\substrata\substrata_build_sdl_custom\gui_client\gui_client.dir\relwithdebinfo\indigoallocation.obj
c:\programming\substrata\substrata_build_sdl_custom\gui_client\gui_client.dir\relwithdebinfo\wmfvideoreadercallback.obj
c:\programming\substrata\substrata_build_sdl_custom\gui_client\gui_client.dir\relwithdebinfo\micreadthread.obj
c:\programming\substrata\substrata_build_sdl_custom\gui_client\gui_client.dir\relwithdebinfo\delay_filter.obj
c:\programming\substrata\substrata_build_sdl_custom\gui_client\gui_client.dir\relwithdebinfo\reflections_processor.obj
c:\programming\substrata\substrata_build_sdl_custom\gui_client\gui_client.dir\relwithdebinfo\near_field_effect_node.obj
c:\programming\substrata\substrata_build_sdl_custom\gui_client\gui_client.dir\relwithdebinfo\sink_node.obj
c:\programming\substrata\substrata_build_sdl_custom\gui_client\gui_client.dir\relwithdebinfo\sum_and_difference_processor.obj
c:\programming\substrata\substrata_build_sdl_custom\gui_client\gui_client.dir\relwithdebinfo\vcacheoptimizer.obj
c:\programming\substrata\substrata_build_sdl_custom\gui_client\gui_client.dir\relwithdebinfo\imgui.obj
c:\programming\substrata\substrata_build_sdl_custom\gui_client\gui_client.dir\relwithdebinfo\luascript.obj
c:\programming\substrata\substrata_build_sdl_custom\gui_client\gui_client.dir\relwithdebinfo\animationdata.obj
c:\programming\substrata\substrata_build_sdl_custom\gui_client\gui_client.dir\relwithdebinfo\nonzeromipmap.obj
c:\programming\substrata\substrata_build_sdl_custom\gui_client\gui_client.dir\relwithdebinfo\textrenderer.obj
c:\programming\substrata\substrata_build_sdl_custom\gui_client\gui_client.dir\relwithdebinfo\networkingtests.obj
c:\programming\substrata\substrata_build_sdl_custom\gui_client\gui_client.dir\relwithdebinfo\sockettests.obj
c:\programming\substrata\substrata_build_sdl_custom\gui_client\gui_client.dir\relwithdebinfo\bvh.obj
c:\programming\substrata\substrata_build_sdl_custom\gui_client\gui_client.dir\relwithdebinfo\arrayref.obj
c:\programming\substrata\substrata_build_sdl_custom\gui_client\gui_client.dir\relwithdebinfo\stackallocator.obj
c:\programming\substrata\substrata_build_sdl_custom\gui_client\gui_client.dir\relwithdebinfo\cryptorng.obj
c:\programming\substrata\substrata_build_sdl_custom\gui_client\gui_client.dir\relwithdebinfo\indigoxmldoc.obj
c:\programming\substrata\substrata_build_sdl_custom\gui_client\gui_client.dir\relwithdebinfo\namemap.obj
c:\programming\substrata\substrata_build_sdl_custom\gui_client\gui_client.dir\relwithdebinfo\platformutils.obj
c:\programming\substrata\substrata_build_sdl_custom\gui_client\gui_client.dir\relwithdebinfo\threadmanager.obj
c:\programming\substrata\substrata_build_sdl_custom\gui_client\gui_client.dir\relwithdebinfo\databasetests.obj
c:\programming\substrata\substrata_build_sdl_custom\gui_client\gui_client.dir\relwithdebinfo\wnt_astnode.obj
c:\programming\substrata\substrata_build_sdl_custom\gui_client\gui_client.dir\relwithdebinfo\llvmutils.obj
c:\programming\substrata\substrata_build_sdl_custom\gui_client\gui_client.dir\relwithdebinfo\cef.obj
c:\programming\substrata\substrata_build_sdl_custom\gui_client\gui_client.dir\relwithdebinfo\clientthread.obj
c:\programming\substrata\substrata_build_sdl_custom\gui_client\gui_client.dir\relwithdebinfo\makehypercardtexturetask.obj
c:\programming\substrata\substrata_build_sdl_custom\gui_client\gui_client.dir\relwithdebinfo\physicsworld.obj
c:\programming\substrata\substrata_build_sdl_custom\gui_client\gui_client.dir\relwithdebinfo\urlparser.obj
c:\programming\substrata\substrata_build_sdl_custom\gui_client\gui_client.dir\relwithdebinfo\scriptedobjectproximitychecker.obj
c:\programming\substrata\substrata_build_sdl_custom\gui_client\gui_client.dir\relwithdebinfo\worldobject.obj
c:\programming\substrata\substrata_build_sdl_custom\gui_client\gui_client.dir\relwithdebinfo\textureallocator.obj
c:\programming\substrata\substrata_build_sdl_custom\gui_client\gui_client.dir\relwithdebinfo\gluiimage.obj
c:\programming\substrata\substrata_build_sdl_custom\gui_client\gui_client.dir\relwithdebinfo\direct3dutils.obj
c:\programming\substrata\substrata_build_sdl_custom\gui_client\gui_client.dir\relwithdebinfo\streamerthread.obj
c:\programming\substrata\substrata_build_sdl_custom\gui_client\gui_client.dir\relwithdebinfo\resonance_audio_api.obj
c:\programming\substrata\substrata_build_sdl_custom\gui_client\gui_client.dir\relwithdebinfo\mixer.obj
c:\programming\substrata\substrata_build_sdl_custom\gui_client\gui_client.dir\relwithdebinfo\spectral_reverb.obj
c:\programming\substrata\substrata_build_sdl_custom\gui_client\gui_client.dir\relwithdebinfo\binaural_surround_renderer_impl.obj
c:\programming\substrata\substrata_build_sdl_custom\gui_client\gui_client.dir\relwithdebinfo\reverb_node.obj
c:\programming\substrata\substrata_build_sdl_custom\gui_client\gui_client.dir\relwithdebinfo\task_thread_pool.obj
c:\programming\substrata\substrata_build_sdl_custom\gui_client\gui_client.dir\relwithdebinfo\lbaselib.obj
c:\programming\substrata\substrata_build_sdl_custom\gui_client\gui_client.dir\relwithdebinfo\ldebug.obj
c:\programming\substrata\substrata_build_sdl_custom\gui_client\gui_client.dir\relwithdebinfo\lgcdebug.obj
c:\programming\substrata\substrata_build_sdl_custom\gui_client\gui_client.dir\relwithdebinfo\lperf.obj
c:\programming\substrata\substrata_build_sdl_custom\gui_client\gui_client.dir\relwithdebinfo\costmodel.obj
c:\programming\substrata\substrata_build_sdl_custom\gui_client\gui_client.dir\relwithdebinfo\location.obj
c:\programming\substrata\substrata_build_sdl_custom\gui_client\gui_client.dir\relwithdebinfo\luatests.obj
c:\programming\substrata\substrata_build_sdl_custom\gui_client\gui_client.dir\relwithdebinfo\boxfilterfunction.obj
c:\programming\substrata\substrata_build_sdl_custom\gui_client\gui_client.dir\relwithdebinfo\filterfunction.obj
c:\programming\substrata\substrata_build_sdl_custom\gui_client\gui_client.dir\relwithdebinfo\gifdecoder.obj
c:\programming\substrata\substrata_build_sdl_custom\gui_client\gui_client.dir\relwithdebinfo\imagemapuint1.obj
c:\programming\substrata\substrata_build_sdl_custom\gui_client\gui_client.dir\relwithdebinfo\meshsimplification.obj
c:\programming\substrata\substrata_build_sdl_custom\gui_client\gui_client.dir\relwithdebinfo\mathstypes.obj
c:\programming\substrata\substrata_build_sdl_custom\gui_client\gui_client.dir\relwithdebinfo\argumentparser.obj
c:\programming\substrata\substrata_build_sdl_custom\gui_client\gui_client.dir\relwithdebinfo\circularbuffer.obj
c:\programming\substrata\substrata_build_sdl_custom\gui_client\gui_client.dir\relwithdebinfo\randomaccessinstream.obj
c:\programming\substrata\substrata_build_sdl_custom\gui_client\gui_client.dir\relwithdebinfo\standardprintoutput.obj
c:\programming\substrata\substrata_build_sdl_custom\gui_client\gui_client.dir\relwithdebinfo\taskrunnerthread.obj
c:\programming\substrata\substrata_build_sdl_custom\gui_client\gui_client.dir\relwithdebinfo\xmlparseutils.obj
c:\programming\substrata\substrata_build_sdl_custom\gui_client\gui_client.dir\relwithdebinfo\limitedallocator.obj
c:\programming\substrata\substrata_build_sdl_custom\gui_client\gui_client.dir\relwithdebinfo\linker.obj
c:\programming\substrata\substrata_build_sdl_custom\gui_client\gui_client.dir\relwithdebinfo\wnt_ifexpression.obj
c:\programming\substrata\substrata_build_sdl_custom\gui_client\gui_client.dir\relwithdebinfo\buildscatteringinfotask.obj
c:\programming\substrata\substrata_build_sdl_custom\gui_client\gui_client.dir\relwithdebinfo\guiclient.obj
c:\programming\substrata\substrata_build_sdl_custom\gui_client\gui_client.dir\relwithdebinfo\objecteventhandlers.obj
c:\programming\substrata\substrata_build_sdl_custom\gui_client\gui_client.dir\relwithdebinfo\fixed-dtoa.obj
c:\programming\substrata\substrata_build_sdl_custom\gui_client\gui_client.dir\relwithdebinfo\strtod.obj
c:\programming\substrata\substrata_build_sdl_custom\gui_client\gui_client.dir\relwithdebinfo\framebuffer.obj
c:\programming\substrata\substrata_build_sdl_custom\gui_client\gui_client.dir\relwithdebinfo\opengltexture.obj
c:\programming\substrata\substrata_build_sdl_custom\gui_client\gui_client.dir\relwithdebinfo\wgl.obj
c:\programming\substrata\substrata_build_sdl_custom\gui_client\gui_client.dir\relwithdebinfo\ssaodebugging.obj
c:\programming\substrata\substrata_build_sdl_custom\gui_client\gui_client.dir\relwithdebinfo\gluiwidget.obj
c:\programming\substrata\substrata_build_sdl_custom\gui_client\gui_client.dir\relwithdebinfo\wmfvideoreader.obj
c:\programming\substrata\substrata_build_sdl_custom\gui_client\gui_client.dir\relwithdebinfo\associated_legendre_polynomials_generator.obj
c:\programming\substrata\substrata_build_sdl_custom\gui_client\gui_client.dir\relwithdebinfo\distance_attenuation.obj
c:\programming\substrata\substrata_build_sdl_custom\gui_client\gui_client.dir\relwithdebinfo\reverb_onset_compensator.obj
c:\programming\substrata\substrata_build_sdl_custom\gui_client\gui_client.dir\relwithdebinfo\mixer_node.obj
c:\programming\substrata\substrata_build_sdl_custom\gui_client\gui_client.dir\relwithdebinfo\room_effects_utils.obj
c:\programming\substrata\substrata_build_sdl_custom\gui_client\gui_client.dir\relwithdebinfo\lfunc.obj
c:\programming\substrata\substrata_build_sdl_custom\gui_client\gui_client.dir\relwithdebinfo\linit.obj
c:\programming\substrata\substrata_build_sdl_custom\gui_client\gui_client.dir\relwithdebinfo\loslib.obj
c:\programming\substrata\substrata_build_sdl_custom\gui_client\gui_client.dir\relwithdebinfo\lstrlib.obj
c:\programming\substrata\substrata_build_sdl_custom\gui_client\gui_client.dir\relwithdebinfo\lvmutils.obj
c:\programming\substrata\substrata_build_sdl_custom\gui_client\gui_client.dir\relwithdebinfo\lcode.obj
c:\programming\substrata\substrata_build_sdl_custom\gui_client\gui_client.dir\relwithdebinfo\valuetracking.obj
c:\programming\substrata\substrata_build_sdl_custom\gui_client\gui_client.dir\relwithdebinfo\luautils.obj
c:\programming\substrata\substrata_build_sdl_custom\gui_client\gui_client.dir\relwithdebinfo\dxtcompression.obj
c:\programming\substrata\substrata_build_sdl_custom\gui_client\gui_client.dir\relwithdebinfo\gridnoise.obj
c:\programming\substrata\substrata_build_sdl_custom\gui_client\gui_client.dir\relwithdebinfo\imagemap.obj
c:\programming\substrata\substrata_build_sdl_custom\gui_client\gui_client.dir\relwithdebinfo\textureprocessing.obj
c:\programming\substrata\substrata_build_sdl_custom\gui_client\gui_client.dir\relwithdebinfo\vec3.obj
c:\programming\substrata\substrata_build_sdl_custom\gui_client\gui_client.dir\relwithdebinfo\networking.obj
c:\programming\substrata\substrata_build_sdl_custom\gui_client\gui_client.dir\relwithdebinfo\socketinterface.obj
c:\programming\substrata\substrata_build_sdl_custom\gui_client\gui_client.dir\relwithdebinfo\websocket.obj
c:\programming\substrata\substrata_build_sdl_custom\gui_client\gui_client.dir\relwithdebinfo\bvhbuildertestutils.obj
c:\programming\substrata\substrata_build_sdl_custom\gui_client\gui_client.dir\relwithdebinfo\array.obj
c:\programming\substrata\substrata_build_sdl_custom\gui_client\gui_client.dir\relwithdebinfo\bufferinstream.obj
c:\programming\substrata\substrata_build_sdl_custom\gui_client\gui_client.dir\relwithdebinfo\condition.obj
c:\programming\substrata\substrata_build_sdl_custom\gui_client\gui_client.dir\relwithdebinfo\fastitermap.obj
c:\programming\substrata\substrata_build_sdl_custom\gui_client\gui_client.dir\relwithdebinfo\mythread.obj
c:\programming\substrata\substrata_build_sdl_custom\gui_client\gui_client.dir\relwithdebinfo\glareprocess.obj
c:\programming\substrata\substrata_build_sdl_custom\gui_client\gui_client.dir\relwithdebinfo\string_view.obj
c:\programming\substrata\substrata_build_sdl_custom\gui_client\gui_client.dir\relwithdebinfo\utf8utils.obj
c:\programming\substrata\substrata_build_sdl_custom\gui_client\gui_client.dir\relwithdebinfo\sharedimmutablestring.obj
c:\programming\substrata\substrata_build_sdl_custom\gui_client\gui_client.dir\relwithdebinfo\tokenbase.obj
c:\programming\substrata\substrata_build_sdl_custom\gui_client\gui_client.dir\relwithdebinfo\wnt_functionsignature.obj
c:\programming\substrata\substrata_build_sdl_custom\gui_client\gui_client.dir\relwithdebinfo\wnt_refcounting.obj
c:\programming\substrata\substrata_build_sdl_custom\gui_client\gui_client.dir\relwithdebinfo\wnt_mathsfuncs.obj
c:\programming\substrata\substrata_build_sdl_custom\gui_client\gui_client.dir\relwithdebinfo\boatphysics.obj
c:\programming\substrata\substrata_build_sdl_custom\gui_client\gui_client.dir\relwithdebinfo\hovercarphysics.obj
c:\programming\substrata\substrata_build_sdl_custom\gui_client\gui_client.dir\relwithdebinfo\meshmanager.obj
c:\programming\substrata\substrata_build_sdl_custom\gui_client\gui_client.dir\relwithdebinfo\resourceprocessing.obj
c:\programming\substrata\substrata_build_sdl_custom\gui_client\gui_client.dir\relwithdebinfo\webviewdata.obj
c:\programming\substrata\substrata_build_sdl_custom\gui_client\gui_client.dir\relwithdebinfo\groundpatch.obj
c:\programming\substrata\substrata_build_sdl_custom\gui_client\gui_client.dir\relwithdebinfo\voxelmeshbuilding.obj
c:\programming\substrata\substrata_build_sdl_custom\gui_client\gui_client.dir\relwithdebinfo\openglenginetests.obj
c:\programming\substrata\substrata_build_sdl_custom\gui_client\gui_client.dir\relwithdebinfo\vbopool.obj
c:\programming\substrata\substrata_build_sdl_custom\gui_client\gui_client.dir\relwithdebinfo\gluitext.obj
c:\programming\substrata\substrata_build_sdl_custom\gui_client\gui_client.dir\relwithdebinfo\escaping.obj
c:\programming\substrata\substrata_build_sdl_custom\gui_client\gui_client.dir\relwithdebinfo\ambisonic_binaural_decoder.obj
c:\programming\substrata\substrata_build_sdl_custom\gui_client\gui_client.dir\relwithdebinfo\fft_manager.obj
c:\programming\substrata\substrata_build_sdl_custom\gui_client\gui_client.dir\relwithdebinfo\utils.obj
c:\programming\substrata\substrata_build_sdl_custom\gui_client\gui_client.dir\relwithdebinfo\occlusion_node.obj
c:\programming\substrata\substrata_build_sdl_custom\gui_client\gui_client.dir\relwithdebinfo\buffer_crossfader.obj
c:\programming\substrata\substrata_build_sdl_custom\gui_client\gui_client.dir\relwithdebinfo\lockless_task_queue.obj
c:\programming\substrata\substrata_build_sdl_custom\gui_client\gui_client.dir\relwithdebinfo\imgui_tables.obj
c:\programming\substrata\substrata_build_sdl_custom\gui_client\gui_client.dir\relwithdebinfo\ltable.obj
c:\programming\substrata\substrata_build_sdl_custom\gui_client\gui_client.dir\relwithdebinfo\lutf8lib.obj
c:\programming\substrata\substrata_build_sdl_custom\gui_client\gui_client.dir\relwithdebinfo\constantfolding.obj
c:\programming\substrata\substrata_build_sdl_custom\gui_client\gui_client.dir\relwithdebinfo\ast.obj
c:\programming\substrata\substrata_build_sdl_custom\gui_client\gui_client.dir\relwithdebinfo\basisu_transcoder.obj
c:\programming\substrata\substrata_build_sdl_custom\gui_client\gui_client.dir\relwithdebinfo\drawing.obj
c:\programming\substrata\substrata_build_sdl_custom\gui_client\gui_client.dir\relwithdebinfo\gaussianfilterfunction.obj
c:\programming\substrata\substrata_build_sdl_custom\gui_client\gui_client.dir\relwithdebinfo\image.obj
c:\programming\substrata\substrata_build_sdl_custom\gui_client\gui_client.dir\relwithdebinfo\map2d.obj
c:\programming\substrata\substrata_build_sdl_custom\gui_client\gui_client.dir\relwithdebinfo\perlinnoise.obj
c:\programming\substrata\substrata_build_sdl_custom\gui_client\gui_client.dir\relwithdebinfo\textureserver.obj
c:\programming\substrata\substrata_build_sdl_custom\gui_client\gui_client.dir\relwithdebinfo\ipaddress.obj
c:\programming\substrata\substrata_build_sdl_custom\gui_client\gui_client.dir\relwithdebinfo\url.obj
c:\programming\substrata\substrata_build_sdl_custom\gui_client\gui_client.dir\relwithdebinfo\mollertrumboretri.obj
c:\programming\substrata\substrata_build_sdl_custom\gui_client\gui_client.dir\relwithdebinfo\base64.obj
c:\programming\substrata\substrata_build_sdl_custom\gui_client\gui_client.dir\relwithdebinfo\exception.obj
c:\programming\substrata\substrata_build_sdl_custom\gui_client\gui_client.dir\relwithdebinfo\fileinstream.obj
c:\programming\substrata\substrata_build_sdl_custom\gui_client\gui_client.dir\relwithdebinfo\killthreadmessage.obj
c:\programming\substrata\substrata_build_sdl_custom\gui_client\gui_client.dir\relwithdebinfo\mutex.obj
c:\programming\substrata\substrata_build_sdl_custom\gui_client\gui_client.dir\relwithdebinfo\outstream.obj
c:\programming\substrata\substrata_build_sdl_custom\gui_client\gui_client.dir\relwithdebinfo\referencetest.obj
c:\programming\substrata\substrata_build_sdl_custom\gui_client\gui_client.dir\relwithdebinfo\database.obj
c:\programming\substrata\substrata_build_sdl_custom\gui_client\gui_client.dir\relwithdebinfo\xmlwriteutils.obj
c:\programming\substrata\substrata_build_sdl_custom\gui_client\gui_client.dir\relwithdebinfo\stlarenaallocator.obj
c:\programming\substrata\substrata_build_sdl_custom\gui_client\gui_client.dir\relwithdebinfo\wnt_diagnostics.obj
c:\programming\substrata\substrata_build_sdl_custom\gui_client\gui_client.dir\relwithdebinfo\wnt_lexer.obj
c:\programming\substrata\substrata_build_sdl_custom\gui_client\gui_client.dir\relwithdebinfo\wnt_arrayliteral.obj
c:\programming\substrata\substrata_build_sdl_custom\gui_client\gui_client.dir\relwithdebinfo\valueallocator.obj
c:\programming\substrata\substrata_build_sdl_custom\gui_client\gui_client.dir\relwithdebinfo\bikephysics.obj
c:\programming\substrata\substrata_build_sdl_custom\gui_client\gui_client.dir\relwithdebinfo\imposter.obj
c:\programming\substrata\substrata_build_sdl_custom\gui_client\gui_client.dir\relwithdebinfo\loadaudiotask.obj
c:\programming\substrata\substrata_build_sdl_custom\gui_client\gui_client.dir\relwithdebinfo\minimap.obj
c:\programming\substrata\substrata_build_sdl_custom\gui_client\gui_client.dir\relwithdebinfo\terrainsystem.obj
c:\programming\substrata\substrata_build_sdl_custom\gui_client\gui_client.dir\relwithdebinfo\avatar.obj
c:\programming\substrata\substrata_build_sdl_custom\gui_client\gui_client.dir\relwithdebinfo\worldmaterial.obj
c:\programming\substrata\substrata_build_sdl_custom\gui_client\gui_client.dir\relwithdebinfo\vbo.obj
c:\programming\substrata\substrata_build_sdl_custom\gui_client\gui_client.dir\relwithdebinfo\shaderfilewatcherthread.obj
c:\programming\substrata\substrata_build_sdl_custom\gui_client\gui_client.dir\relwithdebinfo\asyncgeometryuploader.obj
c:\programming\substrata\substrata_build_sdl_custom\gui_client\gui_client.dir\relwithdebinfo\texteditingutils.obj
c:\programming\substrata\substrata_build_sdl_custom\gui_client\gui_client.dir\relwithdebinfo\responseutils.obj
c:\programming\substrata\substrata_build_sdl_custom\gui_client\gui_client.dir\relwithdebinfo\ambisonic_lookup_table.obj
c:\programming\substrata\substrata_build_sdl_custom\gui_client\gui_client.dir\relwithdebinfo\channel_converter.obj
c:\programming\substrata\substrata_build_sdl_custom\gui_client\gui_client.dir\relwithdebinfo\filter_coefficient_generators.obj
c:\programming\substrata\substrata_build_sdl_custom\gui_client\gui_client.dir\relwithdebinfo\mono_pole_filter.obj
c:\programming\substrata\substrata_build_sdl_custom\gui_client\gui_client.dir\relwithdebinfo\sh_hrir_creator.obj
c:\programming\substrata\substrata_build_sdl_custom\gui_client\gui_client.dir\relwithdebinfo\gain_mixer_node.obj
c:\programming\substrata\substrata_build_sdl_custom\gui_client\gui_client.dir\relwithdebinfo\stereo_mixing_panner_node.obj
c:\programming\substrata\substrata_build_sdl_custom\gui_client\gui_client.dir\relwithdebinfo\imgui_impl_opengl3.obj
c:\programming\substrata\substrata_build_sdl_custom\gui_client\gui_client.dir\relwithdebinfo\lmathlib.obj
c:\programming\substrata\substrata_build_sdl_custom\gui_client\gui_client.dir\relwithdebinfo\lstate.obj
c:\programming\substrata\substrata_build_sdl_custom\gui_client\gui_client.dir\relwithdebinfo\builtins.obj
c:\programming\substrata\substrata_build_sdl_custom\gui_client\gui_client.dir\relwithdebinfo\timetrace.obj
c:\programming\substrata\substrata_build_sdl_custom\gui_client\gui_client.dir\relwithdebinfo\registrysettingsstore.obj
c:\programming\substrata\substrata_build_sdl_custom\gui_client\gui_client.dir\relwithdebinfo\colour3.obj
c:\programming\substrata\substrata_build_sdl_custom\gui_client\gui_client.dir\relwithdebinfo\formatdecoderstl.obj
c:\programming\substrata\substrata_build_sdl_custom\gui_client\gui_client.dir\relwithdebinfo\image4f.obj
c:\programming\substrata\substrata_build_sdl_custom\gui_client\gui_client.dir\relwithdebinfo\basisdecoder.obj
c:\programming\substrata\substrata_build_sdl_custom\gui_client\gui_client.dir\relwithdebinfo\matrix2.obj
c:\programming\substrata\substrata_build_sdl_custom\gui_client\gui_client.dir\relwithdebinfo\vec2.obj
c:\programming\substrata\substrata_build_sdl_custom\gui_client\gui_client.dir\relwithdebinfo\mysocket.obj
c:\programming\substrata\substrata_build_sdl_custom\gui_client\gui_client.dir\relwithdebinfo\testsocket.obj
c:\programming\substrata\substrata_build_sdl_custom\gui_client\gui_client.dir\relwithdebinfo\bvhbuilder.obj
c:\programming\substrata\substrata_build_sdl_custom\gui_client\gui_client.dir\relwithdebinfo\jscol_triangle.obj
c:\programming\substrata\substrata_build_sdl_custom\gui_client\gui_client.dir\relwithdebinfo\bitfield.obj
c:\programming\substrata\substrata_build_sdl_custom\gui_client\gui_client.dir\relwithdebinfo\bufferoutstream.obj
c:\programming\substrata\substrata_build_sdl_custom\gui_client\gui_client.dir\relwithdebinfo\clock.obj
c:\programming\substrata\substrata_build_sdl_custom\gui_client\gui_client.dir\relwithdebinfo\glarestring.obj
c:\programming\substrata\substrata_build_sdl_custom\gui_client\gui_client.dir\relwithdebinfo\smallvector.obj
c:\programming\substrata\substrata_build_sdl_custom\gui_client\gui_client.dir\relwithdebinfo\timer.obj
c:\programming\substrata\substrata_build_sdl_custom\gui_client\gui_client.dir\relwithdebinfo\managerwithcache.obj
c:\programming\substrata\substrata_build_sdl_custom\gui_client\gui_client.dir\relwithdebinfo\sha256.obj
c:\programming\substrata\substrata_build_sdl_custom\gui_client\gui_client.dir\relwithdebinfo\wnt_externalfunction.obj
c:\programming\substrata\substrata_build_sdl_custom\gui_client\gui_client.dir\relwithdebinfo\wnt_sourcebuffer.obj
c:\programming\substrata\substrata_build_sdl_custom\gui_client\gui_client.dir\relwithdebinfo\proofutils.obj
c:\programming\substrata\substrata_build_sdl_custom\gui_client\gui_client.dir\relwithdebinfo\wnt_variable.obj
c:\programming\substrata\substrata_build_sdl_custom\gui_client\gui_client.dir\relwithdebinfo\clientsenderthread.obj
c:\programming\substrata\substrata_build_sdl_custom\gui_client\gui_client.dir\relwithdebinfo\embeddedbrowser.obj
c:\programming\substrata\substrata_build_sdl_custom\gui_client\gui_client.dir\relwithdebinfo\loadtexturetask.obj
c:\programming\substrata\substrata_build_sdl_custom\gui_client\gui_client.dir\relwithdebinfo\physicsobject.obj
c:\programming\substrata\substrata_build_sdl_custom\gui_client\gui_client.dir\relwithdebinfo\terraindecalmanager.obj
c:\programming\substrata\substrata_build_sdl_custom\gui_client\gui_client.dir\relwithdebinfo\wintershaderevaluator.obj
c:\programming\substrata\substrata_build_sdl_custom\gui_client\gui_client.dir\relwithdebinfo\filetypes.obj
c:\programming\substrata\substrata_build_sdl_custom\gui_client\gui_client.dir\relwithdebinfo\resource.obj
c:\programming\substrata\substrata_build_sdl_custom\gui_client\gui_client.dir\relwithdebinfo\luascriptevaluator.obj
c:\programming\substrata\substrata_build_sdl_custom\gui_client\gui_client.dir\relwithdebinfo\bignum.obj
c:\programming\substrata\substrata_build_sdl_custom\gui_client\gui_client.dir\relwithdebinfo\drawindirectbuffer.obj
c:\programming\substrata\substrata_build_sdl_custom\gui_client\gui_client.dir\relwithdebinfo\vao.obj
c:\programming\substrata\substrata_build_sdl_custom\gui_client\gui_client.dir\relwithdebinfo\openglmeshrenderdata.obj
c:\programming\substrata\substrata_build_sdl_custom\gui_client\gui_client.dir\relwithdebinfo\ssbo.obj
c:\programming\substrata\substrata_build_sdl_custom\gui_client\gui_client.dir\relwithdebinfo\pbopool.obj
c:\programming\substrata\substrata_build_sdl_custom\gui_client\gui_client.dir\relwithdebinfo\gluitextbutton.obj
c:\programming\substrata\substrata_build_sdl_custom\gui_client\gui_client.dir\relwithdebinfo\gluiinertwidget.obj
c:\programming\substrata\substrata_build_sdl_custom\gui_client\gui_client.dir\relwithdebinfo\audiofilereader.obj
c:\programming\substrata\substrata_build_sdl_custom\gui_client\gui_client.dir\relwithdebinfo\stereo_from_soundfield_converter.obj
c:\programming\substrata\substrata_build_sdl_custom\gui_client\gui_client.dir\relwithdebinfo\channel_view.obj
c:\programming\substrata\substrata_build_sdl_custom\gui_client\gui_client.dir\relwithdebinfo\biquad_filter.obj
c:\programming\substrata\substrata_build_sdl_custom\gui_client\gui_client.dir\relwithdebinfo\fir_filter.obj
c:\programming\substrata\substrata_build_sdl_custom\gui_client\gui_client.dir\relwithdebinfo\near_field_processor.obj
c:\programming\substrata\substrata_build_sdl_custom\gui_client\gui_client.dir\relwithdebinfo\stereo_panner.obj
c:\programming\substrata\substrata_build_sdl_custom\gui_client\gui_client.dir\relwithdebinfo\mono_from_soundfield_node.obj
c:\programming\substrata\substrata_build_sdl_custom\gui_client\gui_client.dir\relwithdebinfo\hrtf_assets.obj
c:\programming\substrata\substrata_build_sdl_custom\gui_client\gui_client.dir\relwithdebinfo\buffer_partitioner.obj
c:\programming\substrata\substrata_build_sdl_custom\gui_client\gui_client.dir\relwithdebinfo\wav.obj
c:\programming\substrata\substrata_build_sdl_custom\gui_client\gui_client.dir\relwithdebinfo\imgui_draw.obj
c:\programming\substrata\substrata_build_sdl_custom\gui_client\gui_client.dir\relwithdebinfo\compiler.obj
c:\programming\substrata\substrata_build_sdl_custom\gui_client\gui_client.dir\relwithdebinfo\c_\programming\glare-core\utils\stringutils.cpp.obj
c:\programming\substrata\substrata_build_sdl_custom\gui_client\gui_client.dir\relwithdebinfo\gl3w.obj
c:\programming\substrata\substrata_build_sdl_custom\gui_client\gui_client.dir\relwithdebinfo\ftdebug.obj
c:\programming\substrata\substrata_build_sdl_custom\gui_client\gui_client.dir\relwithdebinfo\ftbdf.obj
c:\programming\substrata\substrata_build_sdl_custom\gui_client\gui_client.dir\relwithdebinfo\ftinit.obj
c:\programming\substrata\substrata_build_sdl_custom\gui_client\gui_client.dir\relwithdebinfo\ftwinfnt.obj
c:\programming\substrata\substrata_build_sdl_custom\gui_client\gui_client.dir\relwithdebinfo\smooth.obj
c:\programming\substrata\substrata_build_sdl_custom\gui_client\gui_client.dir\relwithdebinfo\ftglyph.obj
c:\programming\substrata\substrata_build_sdl_custom\gui_client\gui_client.dir\relwithdebinfo\ftstroke.obj
c:\programming\substrata\substrata_build_sdl_custom\gui_client\gui_client.dir\relwithdebinfo\sfnt.obj
c:\programming\substrata\substrata_build_sdl_custom\gui_client\gui_client.dir\relwithdebinfo\pffft.obj
c:\programming\substrata\substrata_build_sdl_custom\gui_client\gui_client.dir\relwithdebinfo\ftsynth.obj
c:\programming\substrata\substrata_build_sdl_custom\gui_client\gui_client.dir\relwithdebinfo\psnames.obj
c:\programming\substrata\substrata_build_sdl_custom\gui_client\gui_client.dir\relwithdebinfo\ftgasp.obj
c:\programming\substrata\substrata_build_sdl_custom\gui_client\gui_client.dir\relwithdebinfo\ftpfr.obj
c:\programming\substrata\substrata_build_sdl_custom\gui_client\gui_client.dir\relwithdebinfo\cff.obj
c:\programming\substrata\substrata_build_sdl_custom\gui_client\gui_client.dir\relwithdebinfo\ftbase.obj
c:\programming\substrata\substrata_build_sdl_custom\gui_client\gui_client.dir\relwithdebinfo\ftcache.obj
c:\programming\substrata\substrata_build_sdl_custom\gui_client\gui_client.dir\relwithdebinfo\truetype.obj
c:\programming\substrata\substrata_build_sdl_custom\gui_client\gui_client.dir\relwithdebinfo\ftbbox.obj
c:\programming\substrata\substrata_build_sdl_custom\gui_client\gui_client.dir\relwithdebinfo\ftmm.obj
c:\programming\substrata\substrata_build_sdl_custom\gui_client\gui_client.dir\relwithdebinfo\fttype1.obj
c:\programming\substrata\substrata_build_sdl_custom\gui_client\gui_client.dir\relwithdebinfo\raster.obj
c:\programming\substrata\substrata_build_sdl_custom\gui_client\gui_client.dir\relwithdebinfo\autofit.obj
c:\programming\substrata\substrata_build_sdl_custom\gui_client\gui_client.dir\relwithdebinfo\pshinter.obj
c:\programming\substrata\substrata_build_sdl_custom\gui_client\gui_client.dir\relwithdebinfo\ftcid.obj
c:\programming\substrata\substrata_build_sdl_custom\gui_client\gui_client.dir\relwithdebinfo\ftgxval.obj
c:\programming\substrata\substrata_build_sdl_custom\gui_client\gui_client.dir\relwithdebinfo\ftbzip2.obj
c:\programming\substrata\substrata_build_sdl_custom\gui_client\gui_client.dir\relwithdebinfo\sdf.obj
c:\programming\substrata\substrata_build_sdl_custom\gui_client\gui_client.dir\relwithdebinfo\fft4f2d.obj
c:\programming\substrata\substrata_build_sdl_custom\gui_client\gui_client.dir\relwithdebinfo\ftlzw.obj
c:\programming\substrata\substrata_build_sdl_custom\gui_client\gui_client.dir\relwithdebinfo\ftsystem.obj
c:\programming\substrata\substrata_build_sdl_custom\gui_client\gui_client.dir\relwithdebinfo\ftfstype.obj
c:\programming\substrata\substrata_build_sdl_custom\gui_client\gui_client.dir\relwithdebinfo\ftotval.obj
c:\programming\substrata\substrata_build_sdl_custom\gui_client\gui_client.dir\relwithdebinfo\ftgzip.obj
c:\programming\substrata\substrata_build_sdl_custom\gui_client\gui_client.dir\relwithdebinfo\svg.obj
c:\programming\substrata\substrata_build_sdl_custom\gui_client\gui_client.dir\relwithdebinfo\ftbitmap.obj
c:\programming\substrata\substrata_build_sdl_custom\gui_client\gui_client.dir\relwithdebinfo\ftpatent.obj
c:\programming\substrata\substrata_build_sdl_custom\gui_client\gui_client.dir\relwithdebinfo\psaux.obj
c:\programming\substrata\substrata_build_sdl_custom\gui_client\gui_client.dir\relwithdebinfo\c_\programming\luau\0.627\ast\src\parser.cpp.obj
c:\programming\substrata\substrata_build_sdl_custom\gui_client\gui_client.dir\relwithdebinfo\c_\programming\luau\0.627\ast\src\stringutils.cpp.obj
c:\programming\substrata\substrata_build_sdl_custom\gui_client\cmakefiles\generate.stamp
c:\programming\substrata_output\vs2022\cyberspace_x64_sdl_custom\relwithdebinfo\shki-nvkz.exe
c:\programming\substrata_output\vs2022\cyberspace_x64_sdl_custom\relwithdebinfo\shki-nvkz.pdb
c:\programming\substrata\substrata_build_sdl_custom\gui_client\gui_client.dir\relwithdebinfo\substrata.res
c:\programming\substrata\substrata_build_sdl_custom\gui_client\gui_client.dir\relwithdebinfo\shki-nvkz.ilk
c:\programming\substrata\substrata_build_sdl_custom\gui_client\gui_client.dir\relwithdebinfo\gui_client.tlog\cl.command.1.tlog
c:\programming\substrata\substrata_build_sdl_custom\gui_client\gui_client.dir\relwithdebinfo\gui_client.tlog\cl.items.tlog
c:\programming\substrata\substrata_build_sdl_custom\gui_client\gui_client.dir\relwithdebinfo\gui_client.tlog\cl.read.1.tlog
c:\programming\substrata\substrata_build_sdl_custom\gui_client\gui_client.dir\relwithdebinfo\gui_client.tlog\cl.write.1.tlog
c:\programming\substrata\substrata_build_sdl_custom\gui_client\gui_client.dir\relwithdebinfo\gui_client.tlog\custombuild.command.1.tlog
c:\programming\substrata\substrata_build_sdl_custom\gui_client\gui_client.dir\relwithdebinfo\gui_client.tlog\custombuild.read.1.tlog
c:\programming\substrata\substrata_build_sdl_custom\gui_client\gui_client.dir\relwithdebinfo\gui_client.tlog\custombuild.write.1.tlog
c:\programming\substrata\substrata_build_sdl_custom\gui_client\gui_client.dir\relwithdebinfo\gui_client.tlog\link.command.1.tlog
c:\programming\substrata\substrata_build_sdl_custom\gui_client\gui_client.dir\relwithdebinfo\gui_client.tlog\link.read.1.tlog
c:\programming\substrata\substrata_build_sdl_custom\gui_client\gui_client.dir\relwithdebinfo\gui_client.tlog\link.secondary.1.tlog
c:\programming\substrata\substrata_build_sdl_custom\gui_client\gui_client.dir\relwithdebinfo\gui_client.tlog\link.write.1.tlog
c:\programming\substrata\substrata_build_sdl_custom\gui_client\gui_client.dir\relwithdebinfo\gui_client.tlog\rc.command.1.tlog
c:\programming\substrata\substrata_build_sdl_custom\gui_client\gui_client.dir\relwithdebinfo\gui_client.tlog\rc.read.1.tlog
c:\programming\substrata\substrata_build_sdl_custom\gui_client\gui_client.dir\relwithdebinfo\gui_client.tlog\rc.write.1.tlog
